Archive member included to satisfy reference by file (symbol)

c:/siliconlabs/simplicitystudio/v5_3/developer/toolchains/gnu_arm/10.2_2020q4/bin/../lib/gcc/arm-none-eabi/10.2.1/thumb/v8-m.main+fp/hard\libgcc.a(_aeabi_ldivmod.o)
                              ./gecko_sdk_4.0.2/platform/emlib/src/em_eusart.o (__aeabi_ldivmod)
c:/siliconlabs/simplicitystudio/v5_3/developer/toolchains/gnu_arm/10.2_2020q4/bin/../lib/gcc/arm-none-eabi/10.2.1/thumb/v8-m.main+fp/hard\libgcc.a(_aeabi_uldivmod.o)
                              ./gecko_sdk_4.0.2/platform/emlib/src/em_eusart.o (__aeabi_uldivmod)
c:/siliconlabs/simplicitystudio/v5_3/developer/toolchains/gnu_arm/10.2_2020q4/bin/../lib/gcc/arm-none-eabi/10.2.1/thumb/v8-m.main+fp/hard\libgcc.a(_udivmoddi4.o)
                              c:/siliconlabs/simplicitystudio/v5_3/developer/toolchains/gnu_arm/10.2_2020q4/bin/../lib/gcc/arm-none-eabi/10.2.1/thumb/v8-m.main+fp/hard\libgcc.a(_aeabi_ldivmod.o) (__udivmoddi4)
c:/siliconlabs/simplicitystudio/v5_3/developer/toolchains/gnu_arm/10.2_2020q4/bin/../lib/gcc/arm-none-eabi/10.2.1/thumb/v8-m.main+fp/hard\libgcc.a(_dvmd_tls.o)
                              c:/siliconlabs/simplicitystudio/v5_3/developer/toolchains/gnu_arm/10.2_2020q4/bin/../lib/gcc/arm-none-eabi/10.2.1/thumb/v8-m.main+fp/hard\libgcc.a(_aeabi_ldivmod.o) (__aeabi_ldiv0)
c:/siliconlabs/simplicitystudio/v5_3/developer/toolchains/gnu_arm/10.2_2020q4/bin/../lib/gcc/arm-none-eabi/10.2.1/../../../../arm-none-eabi/lib/thumb/v8-m.main+fp/hard\libc_nano.a(lib_a-exit.o)
                              c:/siliconlabs/simplicitystudio/v5_3/developer/toolchains/gnu_arm/10.2_2020q4/bin/../lib/gcc/arm-none-eabi/10.2.1/../../../../arm-none-eabi/lib/thumb/v8-m.main+fp/hard/crt0.o (exit)
c:/siliconlabs/simplicitystudio/v5_3/developer/toolchains/gnu_arm/10.2_2020q4/bin/../lib/gcc/arm-none-eabi/10.2.1/../../../../arm-none-eabi/lib/thumb/v8-m.main+fp/hard\libc_nano.a(lib_a-impure.o)
                              c:/siliconlabs/simplicitystudio/v5_3/developer/toolchains/gnu_arm/10.2_2020q4/bin/../lib/gcc/arm-none-eabi/10.2.1/../../../../arm-none-eabi/lib/thumb/v8-m.main+fp/hard\libc_nano.a(lib_a-exit.o) (_global_impure_ptr)
c:/siliconlabs/simplicitystudio/v5_3/developer/toolchains/gnu_arm/10.2_2020q4/bin/../lib/gcc/arm-none-eabi/10.2.1/../../../../arm-none-eabi/lib/thumb/v8-m.main+fp/hard\libc_nano.a(lib_a-init.o)
                              c:/siliconlabs/simplicitystudio/v5_3/developer/toolchains/gnu_arm/10.2_2020q4/bin/../lib/gcc/arm-none-eabi/10.2.1/../../../../arm-none-eabi/lib/thumb/v8-m.main+fp/hard/crt0.o (__libc_init_array)
c:/siliconlabs/simplicitystudio/v5_3/developer/toolchains/gnu_arm/10.2_2020q4/bin/../lib/gcc/arm-none-eabi/10.2.1/../../../../arm-none-eabi/lib/thumb/v8-m.main+fp/hard\libc_nano.a(lib_a-malloc.o)
                              ./gecko_sdk_4.0.2/platform/micrium_os/kernel/source/cmsis_os2.o (malloc)
c:/siliconlabs/simplicitystudio/v5_3/developer/toolchains/gnu_arm/10.2_2020q4/bin/../lib/gcc/arm-none-eabi/10.2.1/../../../../arm-none-eabi/lib/thumb/v8-m.main+fp/hard\libc_nano.a(lib_a-memcpy-stub.o)
                              ./gecko_sdk_4.0.2/platform/emdrv/uartdrv/src/uartdrv.o (memcpy)
c:/siliconlabs/simplicitystudio/v5_3/developer/toolchains/gnu_arm/10.2_2020q4/bin/../lib/gcc/arm-none-eabi/10.2.1/../../../../arm-none-eabi/lib/thumb/v8-m.main+fp/hard\libc_nano.a(lib_a-memset.o)
                              c:/siliconlabs/simplicitystudio/v5_3/developer/toolchains/gnu_arm/10.2_2020q4/bin/../lib/gcc/arm-none-eabi/10.2.1/../../../../arm-none-eabi/lib/thumb/v8-m.main+fp/hard/crt0.o (memset)
c:/siliconlabs/simplicitystudio/v5_3/developer/toolchains/gnu_arm/10.2_2020q4/bin/../lib/gcc/arm-none-eabi/10.2.1/../../../../arm-none-eabi/lib/thumb/v8-m.main+fp/hard\libc_nano.a(lib_a-nano-freer.o)
                              c:/siliconlabs/simplicitystudio/v5_3/developer/toolchains/gnu_arm/10.2_2020q4/bin/../lib/gcc/arm-none-eabi/10.2.1/../../../../arm-none-eabi/lib/thumb/v8-m.main+fp/hard\libc_nano.a(lib_a-malloc.o) (_free_r)
c:/siliconlabs/simplicitystudio/v5_3/developer/toolchains/gnu_arm/10.2_2020q4/bin/../lib/gcc/arm-none-eabi/10.2.1/../../../../arm-none-eabi/lib/thumb/v8-m.main+fp/hard\libc_nano.a(lib_a-nano-mallocr.o)
                              c:/siliconlabs/simplicitystudio/v5_3/developer/toolchains/gnu_arm/10.2_2020q4/bin/../lib/gcc/arm-none-eabi/10.2.1/../../../../arm-none-eabi/lib/thumb/v8-m.main+fp/hard\libc_nano.a(lib_a-malloc.o) (_malloc_r)
c:/siliconlabs/simplicitystudio/v5_3/developer/toolchains/gnu_arm/10.2_2020q4/bin/../lib/gcc/arm-none-eabi/10.2.1/../../../../arm-none-eabi/lib/thumb/v8-m.main+fp/hard\libc_nano.a(lib_a-sbrkr.o)
                              c:/siliconlabs/simplicitystudio/v5_3/developer/toolchains/gnu_arm/10.2_2020q4/bin/../lib/gcc/arm-none-eabi/10.2.1/../../../../arm-none-eabi/lib/thumb/v8-m.main+fp/hard\libc_nano.a(lib_a-nano-mallocr.o) (_sbrk_r)
[...]
Memory Configuration

Name             Origin             Length             Attributes
FLASH            0x08000000         0x0007e000         xr
RAM              0x20000000         0x00010000         xrw
*default*        0x00000000         0xffffffff

Linker script and memory map

LOAD c:/siliconlabs/simplicitystudio/v5_3/developer/toolchains/gnu_arm/10.2_2020q4/bin/../lib/gcc/arm-none-eabi/10.2.1/thumb/v8-m.main+fp/hard/crti.o
LOAD c:/siliconlabs/simplicitystudio/v5_3/developer/toolchains/gnu_arm/10.2_2020q4/bin/../lib/gcc/arm-none-eabi/10.2.1/thumb/v8-m.main+fp/hard/crtbegin.o
LOAD c:/siliconlabs/simplicitystudio/v5_3/developer/toolchains/gnu_arm/10.2_2020q4/bin/../lib/gcc/arm-none-eabi/10.2.1/../../../../arm-none-eabi/lib/thumb/v8-m.main+fp/hard/crt0.o
START GROUP
LOAD ./app/Acquisition_CO.o
LOAD ./app/Acquisition_Smoke.o
LOAD ./app/Acquisition_heat.o
LOAD ./app/app.o
LOAD ./app/diagnostics.o
LOAD ./app/event_system.o
LOAD ./app/hal_BURTCTimer.o
LOAD ./app/main.o
LOAD ./app/timeHandler.o
LOAD ./autogen/sl_board_default_init.o
LOAD ./autogen/sl_device_init_clocks.o
LOAD ./autogen/sl_event_handler.o
LOAD ./autogen/sl_simple_led_instances.o
LOAD ./autogen/sl_uartdrv_init.o
LOAD ./gecko_sdk_4.0.2/hardware/board/src/sl_board_control_gpio.o
LOAD ./gecko_sdk_4.0.2/hardware/board/src/sl_board_init.o
LOAD ./gecko_sdk_4.0.2/platform/CMSIS/RTOS2/Source/os_systick.o
LOAD ./gecko_sdk_4.0.2/platform/Device/SiliconLabs/EFM32PG23/Source/GCC/startup_efm32pg23.o
LOAD ./gecko_sdk_4.0.2/platform/Device/SiliconLabs/EFM32PG23/Source/system_efm32pg23.o
LOAD ./gecko_sdk_4.0.2/platform/common/src/sl_slist.o
LOAD ./gecko_sdk_4.0.2/platform/common/toolchain/src/sl_memory.o
LOAD ./gecko_sdk_4.0.2/platform/driver/leddrv/src/sl_led.o
LOAD ./gecko_sdk_4.0.2/platform/driver/leddrv/src/sl_simple_led.o
LOAD ./gecko_sdk_4.0.2/platform/emdrv/dmadrv/src/dmadrv.o
LOAD ./gecko_sdk_4.0.2/platform/emdrv/gpiointerrupt/src/gpiointerrupt.o
LOAD ./gecko_sdk_4.0.2/platform/emdrv/sleep/src/sleep.o
LOAD ./gecko_sdk_4.0.2/platform/emdrv/uartdrv/src/uartdrv.o
LOAD ./gecko_sdk_4.0.2/platform/emlib/src/em_assert.o
LOAD ./gecko_sdk_4.0.2/platform/emlib/src/em_burtc.o
LOAD ./gecko_sdk_4.0.2/platform/emlib/src/em_cmu.o
LOAD ./gecko_sdk_4.0.2/platform/emlib/src/em_core.o
LOAD ./gecko_sdk_4.0.2/platform/emlib/src/em_emu.o
LOAD ./gecko_sdk_4.0.2/platform/emlib/src/em_eusart.o
LOAD ./gecko_sdk_4.0.2/platform/emlib/src/em_gpio.o
LOAD ./gecko_sdk_4.0.2/platform/emlib/src/em_ldma.o
LOAD ./gecko_sdk_4.0.2/platform/emlib/src/em_letimer.o
LOAD ./gecko_sdk_4.0.2/platform/emlib/src/em_system.o
LOAD ./gecko_sdk_4.0.2/platform/emlib/src/em_usart.o
LOAD ./gecko_sdk_4.0.2/platform/micrium_os/common/source/kal/kal_kernel.o
LOAD ./gecko_sdk_4.0.2/platform/micrium_os/common/source/lib/lib_ascii.o
LOAD ./gecko_sdk_4.0.2/platform/micrium_os/common/source/lib/lib_mem.o
LOAD ./gecko_sdk_4.0.2/platform/micrium_os/common/source/lib/lib_str.o
LOAD ./gecko_sdk_4.0.2/platform/micrium_os/common/source/logging/logging.o
LOAD ./gecko_sdk_4.0.2/platform/micrium_os/common/source/ring_buf/ring_buf.o
LOAD ./gecko_sdk_4.0.2/platform/micrium_os/common/source/rtos/rtos_err_str.o
LOAD ./gecko_sdk_4.0.2/platform/micrium_os/common/source/rtos/rtos_utils.o
LOAD ./gecko_sdk_4.0.2/platform/micrium_os/cpu/source/cpu_core.o
LOAD ./gecko_sdk_4.0.2/platform/micrium_os/kernel/source/cmsis_os2.o
LOAD ./gecko_sdk_4.0.2/platform/micrium_os/kernel/source/os_cfg_app.o
LOAD ./gecko_sdk_4.0.2/platform/micrium_os/kernel/source/os_core.o
LOAD ./gecko_sdk_4.0.2/platform/micrium_os/kernel/source/os_dbg.o
LOAD ./gecko_sdk_4.0.2/platform/micrium_os/kernel/source/os_flag.o
LOAD ./gecko_sdk_4.0.2/platform/micrium_os/kernel/source/os_mon.o
LOAD ./gecko_sdk_4.0.2/platform/micrium_os/kernel/source/os_msg.o
LOAD ./gecko_sdk_4.0.2/platform/micrium_os/kernel/source/os_mutex.o
LOAD ./gecko_sdk_4.0.2/platform/micrium_os/kernel/source/os_prio.o
LOAD ./gecko_sdk_4.0.2/platform/micrium_os/kernel/source/os_q.o
LOAD ./gecko_sdk_4.0.2/platform/micrium_os/kernel/source/os_sem.o
LOAD ./gecko_sdk_4.0.2/platform/micrium_os/kernel/source/os_stat.o
LOAD ./gecko_sdk_4.0.2/platform/micrium_os/kernel/source/os_task.o
LOAD ./gecko_sdk_4.0.2/platform/micrium_os/kernel/source/os_time.o
LOAD ./gecko_sdk_4.0.2/platform/micrium_os/kernel/source/os_tmr.o
LOAD ./gecko_sdk_4.0.2/platform/micrium_os/kernel/source/os_var.o
LOAD ./gecko_sdk_4.0.2/platform/micrium_os/ports/source/generic/arm_cpu_dwt_ts.o
LOAD ./gecko_sdk_4.0.2/platform/micrium_os/ports/source/gnu/armv7m_cpu_c.o
LOAD ./gecko_sdk_4.0.2/platform/micrium_os/ports/source/gnu/armv7m_os_cpu_c.o
LOAD ./gecko_sdk_4.0.2/platform/micrium_os/ports/source/gnu/armv8m_cpu_a.o
LOAD ./gecko_sdk_4.0.2/platform/micrium_os/ports/source/gnu/armv8m_os_cpu_a.o
LOAD ./gecko_sdk_4.0.2/platform/peripheral/src/peripheral_sysrtc.o
LOAD ./gecko_sdk_4.0.2/platform/service/device_init/src/sl_device_init_dcdc_s2.o
LOAD ./gecko_sdk_4.0.2/platform/service/device_init/src/sl_device_init_emu_s2.o
LOAD ./gecko_sdk_4.0.2/platform/service/device_init/src/sl_device_init_hfxo_s2.o
LOAD ./gecko_sdk_4.0.2/platform/service/device_init/src/sl_device_init_lfxo_s2.o
LOAD ./gecko_sdk_4.0.2/platform/service/device_init/src/sl_device_init_nvic.o
LOAD ./gecko_sdk_4.0.2/platform/service/hfxo_manager/src/sl_hfxo_manager.o
LOAD ./gecko_sdk_4.0.2/platform/service/hfxo_manager/src/sl_hfxo_manager_hal_s2.o
LOAD ./gecko_sdk_4.0.2/platform/service/power_manager/src/sl_power_manager.o
LOAD ./gecko_sdk_4.0.2/platform/service/power_manager/src/sl_power_manager_debug.o
LOAD ./gecko_sdk_4.0.2/platform/service/power_manager/src/sl_power_manager_hal_s2.o
LOAD ./gecko_sdk_4.0.2/platform/service/sleeptimer/src/sl_sleeptimer.o
LOAD ./gecko_sdk_4.0.2/platform/service/sleeptimer/src/sl_sleeptimer_hal_burtc.o
LOAD ./gecko_sdk_4.0.2/platform/service/sleeptimer/src/sl_sleeptimer_hal_sysrtc.o
LOAD ./gecko_sdk_4.0.2/platform/service/system/src/sl_system_init.o
LOAD ./gecko_sdk_4.0.2/platform/service/system/src/sl_system_kernel.o
LOAD c:/siliconlabs/simplicitystudio/v5_3/developer/toolchains/gnu_arm/10.2_2020q4/bin/../lib/gcc/arm-none-eabi/10.2.1/thumb/v8-m.main+fp/hard\libgcc.a
LOAD c:/siliconlabs/simplicitystudio/v5_3/developer/toolchains/gnu_arm/10.2_2020q4/bin/../lib/gcc/arm-none-eabi/10.2.1/../../../../arm-none-eabi/lib/thumb/v8-m.main+fp/hard\libc_nano.a
LOAD c:/siliconlabs/simplicitystudio/v5_3/developer/toolchains/gnu_arm/10.2_2020q4/bin/../lib/gcc/arm-none-eabi/10.2.1/../../../../arm-none-eabi/lib/thumb/v8-m.main+fp/hard\libm.a
LOAD c:/siliconlabs/simplicitystudio/v5_3/developer/toolchains/gnu_arm/10.2_2020q4/bin/../lib/gcc/arm-none-eabi/10.2.1/../../../../arm-none-eabi/lib/thumb/v8-m.main+fp/hard\libnosys.a
END GROUP
START GROUP
LOAD c:/siliconlabs/simplicitystudio/v5_3/developer/toolchains/gnu_arm/10.2_2020q4/bin/../lib/gcc/arm-none-eabi/10.2.1/thumb/v8-m.main+fp/hard\libgcc.a
LOAD c:/siliconlabs/simplicitystudio/v5_3/developer/toolchains/gnu_arm/10.2_2020q4/bin/../lib/gcc/arm-none-eabi/10.2.1/../../../../arm-none-eabi/lib/thumb/v8-m.main+fp/hard\libc_nano.a
LOAD c:/siliconlabs/simplicitystudio/v5_3/developer/toolchains/gnu_arm/10.2_2020q4/bin/../lib/gcc/arm-none-eabi/10.2.1/../../../../arm-none-eabi/lib/thumb/v8-m.main+fp/hard\libnosys.a
END GROUP
START GROUP
LOAD c:/siliconlabs/simplicitystudio/v5_3/developer/toolchains/gnu_arm/10.2_2020q4/bin/../lib/gcc/arm-none-eabi/10.2.1/thumb/v8-m.main+fp/hard\libgcc.a
LOAD c:/siliconlabs/simplicitystudio/v5_3/developer/toolchains/gnu_arm/10.2_2020q4/bin/../lib/gcc/arm-none-eabi/10.2.1/../../../../arm-none-eabi/lib/thumb/v8-m.main+fp/hard\libc_nano.a
END GROUP
START GROUP
LOAD c:/siliconlabs/simplicitystudio/v5_3/developer/toolchains/gnu_arm/10.2_2020q4/bin/../lib/gcc/arm-none-eabi/10.2.1/thumb/v8-m.main+fp/hard\libgcc.a
LOAD c:/siliconlabs/simplicitystudio/v5_3/developer/toolchains/gnu_arm/10.2_2020q4/bin/../lib/gcc/arm-none-eabi/10.2.1/../../../../arm-none-eabi/lib/thumb/v8-m.main+fp/hard\libc_nano.a
END GROUP
LOAD c:/siliconlabs/simplicitystudio/v5_3/developer/toolchains/gnu_arm/10.2_2020q4/bin/../lib/gcc/arm-none-eabi/10.2.1/thumb/v8-m.main+fp/hard/crtend.o
LOAD c:/siliconlabs/simplicitystudio/v5_3/developer/toolchains/gnu_arm/10.2_2020q4/bin/../lib/gcc/arm-none-eabi/10.2.1/thumb/v8-m.main+fp/hard/crtn.o

.text           0x08000000     0x6c18
                0x08000000                linker_vectors_begin = .
 *(.vectors)
 .vectors       0x08000000      0x170 ./gecko_sdk_4.0.2/platform/Device/SiliconLabs/EFM32PG23/Source/GCC/startup_efm32pg23.o
                0x08000000                __Vectors
                0x08000170                linker_vectors_end = .
                0x08000170                __Vectors_End = .
                0x08000170                __Vectors_Size = (__Vectors_End - __Vectors)
                0x08000170                linker_code_begin = .
 *(.text*)
 .text          0x08000170       0x40 c:/siliconlabs/simplicitystudio/v5_3/developer/toolchains/gnu_arm/10.2_2020q4/bin/../lib/gcc/arm-none-eabi/10.2.1/thumb/v8-m.main+fp/hard/crtbegin.o
 .text          0x080001b0       0x7c c:/siliconlabs/simplicitystudio/v5_3/developer/toolchains/gnu_arm/10.2_2020q4/bin/../lib/gcc/arm-none-eabi/10.2.1/../../../../arm-none-eabi/lib/thumb/v8-m.main+fp/hard/crt0.o
                0x080001b0                _stack_init
                0x080001b8                _start
                0x080001b8                _mainCRTStartup
 .text.getCoAfterCompensation
                0x0800022c        0xc ./app/Acquisition_CO.o
                0x0800022c                getCoAfterCompensation
 .text.getSmokeAfterCompensation
                0x08000238        0xc ./app/Acquisition_Smoke.o
                0x08000238                getSmokeAfterCompensation
 .text.getHeatAfterCompensation
                0x08000244        0xc ./app/Acquisition_heat.o
                0x08000244                getHeatAfterCompensation
 .text.heartbeat_timer_callback
                0x08000250       0x10 ./app/app.o
                0x08000250                heartbeat_timer_callback
 .text.events_task
                0x08000260       0xd0 ./app/app.o
 .text.app_init
                0x08000330       0x74 ./app/app.o
                0x08000330                app_init
 .text.OSIdleHook
                0x080003a4        0x4 ./app/app.o
                0x080003a4                OSIdleHook
 .text.OSIdleEnterHook
                0x080003a8        0x2 ./app/app.o
                0x080003a8                OSIdleEnterHook
 .text.OSIdleExitHook
                0x080003aa        0x2 ./app/app.o
                0x080003aa                OSIdleExitHook
 .text.GPIO_PinOutToggle.constprop.0
                0x080003ac       0x10 ./app/diagnostics.o
 .text.diagnostics
                0x080003bc       0x58 ./app/diagnostics.o
                0x080003bc                diagnostics
 .text.jumpToSmokeAlarm.constprop.0
                0x08000414       0x20 ./app/event_system.o
 .text.jumpToHeatAlarm.constprop.0
                0x08000434       0x20 ./app/event_system.o
 .text.getBehavioural_System_Modes
                0x08000454        0xc ./app/event_system.o
                0x08000454                getBehavioural_System_Modes
 .text.Stop_Diagnostic_BIST
                0x08000460        0x6 ./app/event_system.o
                0x08000460                Stop_Diagnostic_BIST
 .text.Start_Diagnostic_BIST
                0x08000466       0x62 ./app/event_system.o
                0x08000466                Start_Diagnostic_BIST
 .text.setBehavioural_System_Modes
                0x080004c8       0x1c ./app/event_system.o
                0x080004c8                setBehavioural_System_Modes
 .text.runOperateModule
                0x080004e4       0xb0 ./app/event_system.o
                0x080004e4                runOperateModule
 .text.runBehaviouralModule
                0x08000594      0x384 ./app/event_system.o
                0x08000594                runBehaviouralModule
 .text.BURTC_IRQHandler
                0x08000918       0x94 ./app/hal_BURTCTimer.o
                0x08000918                BURTC_IRQHandler
 .text.BURTCTimer_Start
                0x080009ac       0x30 ./app/hal_BURTCTimer.o
                0x080009ac                BURTCTimer_Start
 .text.BURTCTimer_Stop
                0x080009dc       0x2c ./app/hal_BURTCTimer.o
                0x080009dc                BURTCTimer_Stop
 .text.BURTCTimer_StopFrom
                0x08000a08       0x3c ./app/hal_BURTCTimer.o
                0x08000a08                BURTCTimer_StopFrom
 .text.GPIO_init
                0x08000a44       0x1e ./app/hal_BURTCTimer.o
                0x08000a44                GPIO_init
 *fill*         0x08000a62        0x2 
 .text.BURTC_init
                0x08000a64       0x60 ./app/hal_BURTCTimer.o
                0x08000a64                BURTC_init
 .text.startup.main
                0x08000ac4       0x12 ./app/main.o
                0x08000ac4                main
 .text.sl_board_default_init
                0x08000ad6        0x2 ./autogen/sl_board_default_init.o
                0x08000ad6                sl_board_default_init
 .text.sl_device_init_clocks
                0x08000ad8       0x44 ./autogen/sl_device_init_clocks.o
                0x08000ad8                sl_device_init_clocks
 .text.sl_platform_init
                0x08000b1c       0xb4 ./autogen/sl_event_handler.o
                0x08000b1c                sl_platform_init
 .text.sl_kernel_start
                0x08000bd0        0x4 ./autogen/sl_event_handler.o
                0x08000bd0                sl_kernel_start
 .text.sl_driver_init
                0x08000bd4       0x12 ./autogen/sl_event_handler.o
                0x08000bd4                sl_driver_init
 .text.sl_service_init
                0x08000be6        0xe ./autogen/sl_event_handler.o
                0x08000be6                sl_service_init
 .text.sl_stack_init
                0x08000bf4        0x2 ./autogen/sl_event_handler.o
                0x08000bf4                sl_stack_init
 .text.sl_internal_app_init
                0x08000bf6        0x2 ./autogen/sl_event_handler.o
                0x08000bf6                sl_internal_app_init
 .text.sl_simple_led_init_instances
                0x08000bf8        0xc ./autogen/sl_simple_led_instances.o
                0x08000bf8                sl_simple_led_init_instances
 .text.sl_uartdrv_set_default
                0x08000c04       0x14 ./autogen/sl_uartdrv_init.o
                0x08000c04                sl_uartdrv_set_default
 .text.sl_uartdrv_init_instances
                0x08000c18       0x20 ./autogen/sl_uartdrv_init.o
                0x08000c18                sl_uartdrv_init_instances
 .text.sl_board_configure_vcom
                0x08000c38        0x4 ./gecko_sdk_4.0.2/hardware/board/src/sl_board_control_gpio.o
                0x08000c38                sl_board_configure_vcom
 .text.sl_board_init
                0x08000c3c       0x12 ./gecko_sdk_4.0.2/hardware/board/src/sl_board_init.o
                0x08000c3c                sl_board_init
 .text.sl_board_preinit
                0x08000c4e        0x8 ./gecko_sdk_4.0.2/hardware/board/src/sl_board_init.o
                0x08000c4e                sl_board_preinit
 .text.Default_Handler
                0x08000c56        0x2 ./gecko_sdk_4.0.2/platform/Device/SiliconLabs/EFM32PG23/Source/GCC/startup_efm32pg23.o
                0x08000c56                ULFRCO_IRQHandler
                0x08000c56                SW2_IRQHandler
                0x08000c56                TIMER2_IRQHandler
                0x08000c56                DebugMon_Handler
                0x08000c56                USART0_TX_IRQHandler
                0x08000c56                IADC_IRQHandler
                0x08000c56                EUSART0_TX_IRQHandler
                0x08000c56                I2C0_IRQHandler
                0x08000c56                LFXO_IRQHandler
                0x08000c56                VDAC_IRQHandler
                0x08000c56                HardFault_Handler
                0x08000c56                SMU_SECURE_IRQHandler
                0x08000c56                SysTick_Handler
                0x08000c56                SYSRTC_SEQ_IRQHandler
                0x08000c56                EMUEFP_IRQHandler
                0x08000c56                EUSART2_TX_IRQHandler
                0x08000c56                NMI_Handler
                0x08000c56                HOSTMAILBOX_IRQHandler
                0x08000c56                I2C1_IRQHandler
                0x08000c56                WDOG0_IRQHandler
                0x08000c56                TIMER3_IRQHandler
                0x08000c56                SYSCFG_IRQHandler
                0x08000c56                EMUDG_IRQHandler
                0x08000c56                SMU_PRIVILEGED_IRQHandler
                0x08000c56                MSC_IRQHandler
                0x08000c56                DPLL0_IRQHandler
                0x08000c56                UsageFault_Handler
                0x08000c56                WDOG1_IRQHandler
                0x08000c56                M33CTI1_IRQHandler
                0x08000c56                TIMER4_IRQHandler
                0x08000c56                SEMBTX_IRQHandler
                0x08000c56                SW0_IRQHandler
                0x08000c56                TIMER0_IRQHandler
                0x08000c56                LCD_IRQHandler
                0x08000c56                LETIMER0_IRQHandler
                0x08000c56                EUSART1_RX_IRQHandler
                0x08000c56                TIMER1_IRQHandler
                0x08000c56                HFRCO0_IRQHandler
                0x08000c56                DCDC_IRQHandler
                0x08000c56                Default_Handler
                0x08000c56                EMU_IRQHandler
                0x08000c56                SW3_IRQHandler
                0x08000c56                KERNEL0_IRQHandler
                0x08000c56                PCNT0_IRQHandler
                0x08000c56                KERNEL1_IRQHandler
                0x08000c56                EUSART1_TX_IRQHandler
                0x08000c56                KEYSCAN_IRQHandler
                0x08000c56                sl_app_properties
                0x08000c56                HFRCOEM23_IRQHandler
                0x08000c56                SEMBRX_IRQHandler
                0x08000c56                LFRCO_IRQHandler
                0x08000c56                ACMP0_IRQHandler
                0x08000c56                USART0_RX_IRQHandler
                0x08000c56                MemManage_Handler
                0x08000c56                SVC_Handler
                0x08000c56                EUSART2_RX_IRQHandler
                0x08000c56                SW1_IRQHandler
                0x08000c56                CMU_IRQHandler
                0x08000c56                EUSART0_RX_IRQHandler
                0x08000c56                SETAMPERHOST_IRQHandler
                0x08000c56                LESENSE_IRQHandler
                0x08000c56                M33CTI0_IRQHandler
                0x08000c56                ICACHE0_IRQHandler
                0x08000c56                SMU_NS_PRIVILEGED_IRQHandler
                0x08000c56                FPUEXH_IRQHandler
                0x08000c56                ACMP1_IRQHandler
                0x08000c56                BusFault_Handler
                0x08000c56                MPAHBRAM_IRQHandler
 .text.Reset_Handler
                0x08000c58       0x2c ./gecko_sdk_4.0.2/platform/Device/SiliconLabs/EFM32PG23/Source/GCC/startup_efm32pg23.o
                0x08000c58                Reset_Handler
 .text.SystemInit
                0x08000c84       0x1c ./gecko_sdk_4.0.2/platform/Device/SiliconLabs/EFM32PG23/Source/system_efm32pg23.o
                0x08000c84                SystemInit
 .text.SystemHFRCODPLLClockGet
                0x08000ca0        0xc ./gecko_sdk_4.0.2/platform/Device/SiliconLabs/EFM32PG23/Source/system_efm32pg23.o
                0x08000ca0                SystemHFRCODPLLClockGet
 .text.SystemSYSCLKGet
                0x08000cac       0x34 ./gecko_sdk_4.0.2/platform/Device/SiliconLabs/EFM32PG23/Source/system_efm32pg23.o
                0x08000cac                SystemSYSCLKGet
 .text.SystemHCLKGet
                0x08000ce0       0x24 ./gecko_sdk_4.0.2/platform/Device/SiliconLabs/EFM32PG23/Source/system_efm32pg23.o
                0x08000ce0                SystemHCLKGet
 .text.SystemMaxCoreClockGet
                0x08000d04        0x8 ./gecko_sdk_4.0.2/platform/Device/SiliconLabs/EFM32PG23/Source/system_efm32pg23.o
                0x08000d04                SystemMaxCoreClockGet
 .text.SystemHFXOClockGet
                0x08000d0c        0xc ./gecko_sdk_4.0.2/platform/Device/SiliconLabs/EFM32PG23/Source/system_efm32pg23.o
                0x08000d0c                SystemHFXOClockGet
 .text.SystemHFXOClockSet
                0x08000d18       0x20 ./gecko_sdk_4.0.2/platform/Device/SiliconLabs/EFM32PG23/Source/system_efm32pg23.o
                0x08000d18                SystemHFXOClockSet
 .text.SystemCLKIN0Get
                0x08000d38        0x4 ./gecko_sdk_4.0.2/platform/Device/SiliconLabs/EFM32PG23/Source/system_efm32pg23.o
                0x08000d38                SystemCLKIN0Get
 .text.SystemFSRCOClockGet
                0x08000d3c        0x8 ./gecko_sdk_4.0.2/platform/Device/SiliconLabs/EFM32PG23/Source/system_efm32pg23.o
                0x08000d3c                SystemFSRCOClockGet
 .text.SystemHFRCOEM23ClockGet
                0x08000d44       0x84 ./gecko_sdk_4.0.2/platform/Device/SiliconLabs/EFM32PG23/Source/system_efm32pg23.o
                0x08000d44                SystemHFRCOEM23ClockGet
 .text.SystemLFRCOClockGet
                0x08000dc8        0x6 ./gecko_sdk_4.0.2/platform/Device/SiliconLabs/EFM32PG23/Source/system_efm32pg23.o
                0x08000dc8                SystemLFRCOClockGet
 .text.SystemULFRCOClockGet
                0x08000dce        0x6 ./gecko_sdk_4.0.2/platform/Device/SiliconLabs/EFM32PG23/Source/system_efm32pg23.o
                0x08000dce                SystemULFRCOClockGet
 .text.SystemLFXOClockGet
                0x08000dd4        0xc ./gecko_sdk_4.0.2/platform/Device/SiliconLabs/EFM32PG23/Source/system_efm32pg23.o
                0x08000dd4                SystemLFXOClockGet
 .text.sl_led_init
                0x08000de0        0x6 ./gecko_sdk_4.0.2/platform/driver/leddrv/src/sl_led.o
                0x08000de0                sl_led_init
 *fill*         0x08000de6        0x2 
 .text.GPIO_PinOutClear
                0x08000de8       0x50 ./gecko_sdk_4.0.2/platform/driver/leddrv/src/sl_simple_led.o
 .text.GPIO_PinOutSet
                0x08000e38       0x50 ./gecko_sdk_4.0.2/platform/driver/leddrv/src/sl_simple_led.o
 .text.sl_simple_led_init
                0x08000e88       0x22 ./gecko_sdk_4.0.2/platform/driver/leddrv/src/sl_simple_led.o
                0x08000e88                sl_simple_led_init
 .text.sl_simple_led_turn_on
                0x08000eaa       0x12 ./gecko_sdk_4.0.2/platform/driver/leddrv/src/sl_simple_led.o
                0x08000eaa                sl_simple_led_turn_on
 .text.sl_simple_led_turn_off
                0x08000ebc       0x12 ./gecko_sdk_4.0.2/platform/driver/leddrv/src/sl_simple_led.o
                0x08000ebc                sl_simple_led_turn_off
 *fill*         0x08000ece        0x2 
 .text.sl_simple_led_toggle
                0x08000ed0       0x4c ./gecko_sdk_4.0.2/platform/driver/leddrv/src/sl_simple_led.o
                0x08000ed0                sl_simple_led_toggle
 .text.sl_simple_led_get_state
                0x08000f1c       0x5c ./gecko_sdk_4.0.2/platform/driver/leddrv/src/sl_simple_led.o
                0x08000f1c                sl_simple_led_get_state
 .text.DMADRV_AllocateChannel
                0x08000f78       0x60 ./gecko_sdk_4.0.2/platform/emdrv/dmadrv/src/dmadrv.o
                0x08000f78                DMADRV_AllocateChannel
 .text.DMADRV_Init
                0x08000fd8       0x68 ./gecko_sdk_4.0.2/platform/emdrv/dmadrv/src/dmadrv.o
                0x08000fd8                DMADRV_Init
 .text.DMADRV_PauseTransfer
                0x08001040       0x40 ./gecko_sdk_4.0.2/platform/emdrv/dmadrv/src/dmadrv.o
                0x08001040                DMADRV_PauseTransfer
 .text.DMADRV_ResumeTransfer
                0x08001080       0x40 ./gecko_sdk_4.0.2/platform/emdrv/dmadrv/src/dmadrv.o
                0x08001080                DMADRV_ResumeTransfer
 .text.DMADRV_TransferActive
                0x080010c0       0x50 ./gecko_sdk_4.0.2/platform/emdrv/dmadrv/src/dmadrv.o
                0x080010c0                DMADRV_TransferActive
 .text.LDMA_IRQHandler
                0x08001110       0x74 ./gecko_sdk_4.0.2/platform/emdrv/dmadrv/src/dmadrv.o
                0x08001110                LDMA_IRQHandler
 .text.GPIOINT_IRQDispatcher
                0x08001184       0x3c ./gecko_sdk_4.0.2/platform/emdrv/gpiointerrupt/src/gpiointerrupt.o
 .text.GPIOINT_Init
                0x080011c0       0x30 ./gecko_sdk_4.0.2/platform/emdrv/gpiointerrupt/src/gpiointerrupt.o
                0x080011c0                GPIOINT_Init
 .text.GPIOINT_CallbackRegister
                0x080011f0       0x24 ./gecko_sdk_4.0.2/platform/emdrv/gpiointerrupt/src/gpiointerrupt.o
                0x080011f0                GPIOINT_CallbackRegister
 .text.GPIO_EVEN_IRQHandler
                0x08001214       0x24 ./gecko_sdk_4.0.2/platform/emdrv/gpiointerrupt/src/gpiointerrupt.o
                0x08001214                GPIO_EVEN_IRQHandler
 .text.GPIO_ODD_IRQHandler
                0x08001238       0x24 ./gecko_sdk_4.0.2/platform/emdrv/gpiointerrupt/src/gpiointerrupt.o
                0x08001238                GPIO_ODD_IRQHandler
 .text.enterEMx
                0x0800125c       0x70 ./gecko_sdk_4.0.2/platform/emdrv/sleep/src/sleep.o
 .text.SLEEP_LowestEnergyModeGet
                0x080012cc       0x1c ./gecko_sdk_4.0.2/platform/emdrv/sleep/src/sleep.o
                0x080012cc                SLEEP_LowestEnergyModeGet
 .text.SLEEP_Sleep
                0x080012e8       0x58 ./gecko_sdk_4.0.2/platform/emdrv/sleep/src/sleep.o
                0x080012e8                SLEEP_Sleep
 .text.CheckParams
                0x08001340       0x24 ./gecko_sdk_4.0.2/platform/emdrv/uartdrv/src/uartdrv.o
 .text.GPIO_PinOutClear
                0x08001364       0x50 ./gecko_sdk_4.0.2/platform/emdrv/uartdrv/src/uartdrv.o
 .text.GPIO_PinOutSet
                0x080013b4       0x50 ./gecko_sdk_4.0.2/platform/emdrv/uartdrv/src/uartdrv.o
 .text.addHandle
                0x08001404       0x50 ./gecko_sdk_4.0.2/platform/emdrv/uartdrv/src/uartdrv.o
 .text.HwFcGetClearToSendPin
                0x08001454       0x60 ./gecko_sdk_4.0.2/platform/emdrv/uartdrv/src/uartdrv.o
 .text.HwFcManageClearToSend
                0x080014b4       0x80 ./gecko_sdk_4.0.2/platform/emdrv/uartdrv/src/uartdrv.o
 .text.InitializeDma
                0x08001534       0x28 ./gecko_sdk_4.0.2/platform/emdrv/uartdrv/src/uartdrv.o
 .text.EnableTransmitter
                0x0800155c       0x54 ./gecko_sdk_4.0.2/platform/emdrv/uartdrv/src/uartdrv.o
 .text.ConfigGpio
                0x080015b0       0xe0 ./gecko_sdk_4.0.2/platform/emdrv/uartdrv/src/uartdrv.o
 .text.UARTDRV_ForceTransmit
                0x08001690      0x100 ./gecko_sdk_4.0.2/platform/emdrv/uartdrv/src/uartdrv.o
                0x08001690                UARTDRV_ForceTransmit
 .text.UARTDRV_PauseTransmit
                0x08001790       0x30 ./gecko_sdk_4.0.2/platform/emdrv/uartdrv/src/uartdrv.o
                0x08001790                UARTDRV_PauseTransmit
 .text.UARTDRV_ResumeTransmit
                0x080017c0       0x40 ./gecko_sdk_4.0.2/platform/emdrv/uartdrv/src/uartdrv.o
                0x080017c0                UARTDRV_ResumeTransmit
 .text.FcApplyState
                0x08001800       0x5c ./gecko_sdk_4.0.2/platform/emdrv/uartdrv/src/uartdrv.o
 .text.UARTDRV_InitEuart
                0x0800185c      0x240 ./gecko_sdk_4.0.2/platform/emdrv/uartdrv/src/uartdrv.o
                0x0800185c                UARTDRV_InitEuart
 .text.assertEFM
                0x08001a9c        0x2 ./gecko_sdk_4.0.2/platform/emlib/src/em_assert.o
                0x08001a9c                assertEFM
 *fill*         0x08001a9e        0x2 
 .text.BURTC_SyncWait
                0x08001aa0       0x14 ./gecko_sdk_4.0.2/platform/emlib/src/em_burtc.o
 .text.BURTC_Init
                0x08001ab4       0x80 ./gecko_sdk_4.0.2/platform/emlib/src/em_burtc.o
                0x08001ab4                BURTC_Init
 .text.BURTC_Enable
                0x08001b34       0x44 ./gecko_sdk_4.0.2/platform/emlib/src/em_burtc.o
                0x08001b34                BURTC_Enable
 .text.BURTC_CompareSet
                0x08001b78       0x2c ./gecko_sdk_4.0.2/platform/emlib/src/em_burtc.o
                0x08001b78                BURTC_CompareSet
 .text.BURTC_CounterReset
                0x08001ba4       0x20 ./gecko_sdk_4.0.2/platform/emlib/src/em_burtc.o
                0x08001ba4                BURTC_CounterReset
 .text.EMU_VScaleGet
                0x08001bc4       0x16 ./gecko_sdk_4.0.2/platform/emlib/src/em_cmu.o
 *fill*         0x08001bda        0x2 
 .text.em01GrpaClkGet
                0x08001bdc       0x70 ./gecko_sdk_4.0.2/platform/emlib/src/em_cmu.o
 .text.em01GrpcClkGet
                0x08001c4c       0x60 ./gecko_sdk_4.0.2/platform/emlib/src/em_cmu.o
 .text.iadcClkGet
                0x08001cac       0x64 ./gecko_sdk_4.0.2/platform/emlib/src/em_cmu.o
 .text.lesenseHFClkGet
                0x08001d10       0x48 ./gecko_sdk_4.0.2/platform/emlib/src/em_cmu.o
 .text.eusart0ClkGet
                0x08001d58       0x70 ./gecko_sdk_4.0.2/platform/emlib/src/em_cmu.o
 .text.em23GrpaClkGet
                0x08001dc8       0x54 ./gecko_sdk_4.0.2/platform/emlib/src/em_cmu.o
 .text.vdac0ClkGet
                0x08001e1c       0x70 ./gecko_sdk_4.0.2/platform/emlib/src/em_cmu.o
 .text.pcnt0ClkGet
                0x08001e8c       0x4c ./gecko_sdk_4.0.2/platform/emlib/src/em_cmu.o
 .text.wdog0ClkGet
                0x08001ed8       0x60 ./gecko_sdk_4.0.2/platform/emlib/src/em_cmu.o
 .text.wdog1ClkGet
                0x08001f38       0x60 ./gecko_sdk_4.0.2/platform/emlib/src/em_cmu.o
 .text.sysrtcClkGet
                0x08001f98       0x54 ./gecko_sdk_4.0.2/platform/emlib/src/em_cmu.o
 .text.lcdClkGet
                0x08001fec       0x54 ./gecko_sdk_4.0.2/platform/emlib/src/em_cmu.o
 .text.em4GrpaClkGet
                0x08002040       0x54 ./gecko_sdk_4.0.2/platform/emlib/src/em_cmu.o
 .text.BUS_RegMaskedWrite
                0x08002094       0x22 ./gecko_sdk_4.0.2/platform/emlib/src/em_cmu.o
 *fill*         0x080020b6        0x2 
 .text.CMU_ClockDivGet
                0x080020b8       0x84 ./gecko_sdk_4.0.2/platform/emlib/src/em_cmu.o
                0x080020b8                CMU_ClockDivGet
 .text.flashWaitStateControl
                0x0800213c       0x50 ./gecko_sdk_4.0.2/platform/emlib/src/em_cmu.o
 .text.waitStateMax
                0x0800218c       0x10 ./gecko_sdk_4.0.2/platform/emlib/src/em_cmu.o
 .text.CMU_ClockEnable
                0x0800219c       0x58 ./gecko_sdk_4.0.2/platform/emlib/src/em_cmu.o
                0x0800219c                CMU_ClockEnable
 .text.CMU_ClockFreqGet
                0x080021f4      0x25c ./gecko_sdk_4.0.2/platform/emlib/src/em_cmu.o
                0x080021f4                CMU_ClockFreqGet
 .text.CMU_ClockSelectGet
                0x08002450      0x294 ./gecko_sdk_4.0.2/platform/emlib/src/em_cmu.o
                0x08002450                CMU_ClockSelectGet
 .text.CMU_HFXOInit
                0x080026e4      0x21c ./gecko_sdk_4.0.2/platform/emlib/src/em_cmu.o
                0x080026e4                CMU_HFXOInit
 .text.CMU_HFXOCTuneDeltaGet
                0x08002900        0xc ./gecko_sdk_4.0.2/platform/emlib/src/em_cmu.o
                0x08002900                CMU_HFXOCTuneDeltaGet
 .text.CMU_LFXOInit
                0x0800290c       0xc4 ./gecko_sdk_4.0.2/platform/emlib/src/em_cmu.o
                0x0800290c                CMU_LFXOInit
 .text.CMU_LFXOPrecisionSet
                0x080029d0        0xc ./gecko_sdk_4.0.2/platform/emlib/src/em_cmu.o
                0x080029d0                CMU_LFXOPrecisionSet
 .text.CMU_UpdateWaitStates
                0x080029dc        0xc ./gecko_sdk_4.0.2/platform/emlib/src/em_cmu.o
                0x080029dc                CMU_UpdateWaitStates
 .text.CMU_ClockDivSet
                0x080029e8       0xf4 ./gecko_sdk_4.0.2/platform/emlib/src/em_cmu.o
                0x080029e8                CMU_ClockDivSet
 .text.pclkDivMax
                0x08002adc        0xa ./gecko_sdk_4.0.2/platform/emlib/src/em_cmu.o
 *fill*         0x08002ae6        0x2 
 .text.pclkDivOptimize
                0x08002ae8       0x24 ./gecko_sdk_4.0.2/platform/emlib/src/em_cmu.o
 .text.CMU_ClockSelectSet
                0x08002b0c      0x5bc ./gecko_sdk_4.0.2/platform/emlib/src/em_cmu.o
                0x08002b0c                CMU_ClockSelectSet
 .text.__NVIC_GetPriority
                0x080030c8       0x24 ./gecko_sdk_4.0.2/platform/emlib/src/em_core.o
 .text.CORE_EnterCritical
                0x080030ec        0x8 ./gecko_sdk_4.0.2/platform/emlib/src/em_core.o
                0x080030ec                CORE_EnterCritical
 .text.CORE_ExitCritical
                0x080030f4        0x6 ./gecko_sdk_4.0.2/platform/emlib/src/em_core.o
                0x080030f4                CORE_ExitCritical
 .text.CORE_EnterAtomic
                0x080030fa        0xc ./gecko_sdk_4.0.2/platform/emlib/src/em_core.o
                0x080030fa                CORE_EnterAtomic
 .text.CORE_ExitAtomic
                0x08003106        0x6 ./gecko_sdk_4.0.2/platform/emlib/src/em_core.o
                0x08003106                CORE_ExitAtomic
 .text.CORE_InIrqContext
                0x0800310c       0x14 ./gecko_sdk_4.0.2/platform/emlib/src/em_core.o
                0x0800310c                CORE_InIrqContext
 .text.CORE_IrqIsDisabled
                0x08003120       0x1a ./gecko_sdk_4.0.2/platform/emlib/src/em_core.o
                0x08003120                CORE_IrqIsDisabled
 *fill*         0x0800313a        0x2 
 .text.CORE_NvicIRQDisabled
                0x0800313c       0x34 ./gecko_sdk_4.0.2/platform/emlib/src/em_core.o
                0x0800313c                CORE_NvicIRQDisabled
 .text.CORE_IrqIsBlocked
                0x08003170       0x6c ./gecko_sdk_4.0.2/platform/emlib/src/em_core.o
                0x08003170                CORE_IrqIsBlocked
 .text.EMU_DCDCSync
                0x080031dc       0x10 ./gecko_sdk_4.0.2/platform/emlib/src/em_emu.o
 .text.EMU_EFPEM23PresleepHook
                0x080031ec        0x2 ./gecko_sdk_4.0.2/platform/emlib/src/em_emu.o
                0x080031ec                EMU_EFPEM23PresleepHook
 .text.EMU_EFPEM23PostsleepHook
                0x080031ee        0x2 ./gecko_sdk_4.0.2/platform/emlib/src/em_emu.o
                0x080031ee                EMU_EFPEM23PostsleepHook
 .text.EMU_EnterEM2
                0x080031f0       0x30 ./gecko_sdk_4.0.2/platform/emlib/src/em_emu.o
                0x080031f0                EMU_EnterEM2
 .text.EMU_EnterEM3
                0x08003220       0x28 ./gecko_sdk_4.0.2/platform/emlib/src/em_emu.o
                0x08003220                EMU_EnterEM3
 .text.EMU_Save
                0x08003248        0x2 ./gecko_sdk_4.0.2/platform/emlib/src/em_emu.o
                0x08003248                EMU_Save
 .text.EMU_Restore
                0x0800324a        0x2 ./gecko_sdk_4.0.2/platform/emlib/src/em_emu.o
                0x0800324a                EMU_Restore
 .text.EMU_EM4Init
                0x0800324c       0x12 ./gecko_sdk_4.0.2/platform/emlib/src/em_emu.o
                0x0800324c                EMU_EM4Init
 .text.EMU_EM4PresleepHook
                0x0800325e        0x2 ./gecko_sdk_4.0.2/platform/emlib/src/em_emu.o
                0x0800325e                EMU_EM4PresleepHook
 .text.EMU_EFPEM4PresleepHook
                0x08003260        0x2 ./gecko_sdk_4.0.2/platform/emlib/src/em_emu.o
                0x08003260                EMU_EFPEM4PresleepHook
 .text.EMU_EFPEM01VScale
                0x08003262        0x2 ./gecko_sdk_4.0.2/platform/emlib/src/em_emu.o
                0x08003262                EMU_EFPEM01VScale
 .text.EMU_VScaleEM01
                0x08003264       0xb0 ./gecko_sdk_4.0.2/platform/emlib/src/em_emu.o
                0x08003264                EMU_VScaleEM01
 .text.EMU_VScaleEM01ByClock
                0x08003314       0x30 ./gecko_sdk_4.0.2/platform/emlib/src/em_emu.o
                0x08003314                EMU_VScaleEM01ByClock
 .text.EMU_DCDCModeSet
                0x08003344       0x68 ./gecko_sdk_4.0.2/platform/emlib/src/em_emu.o
                0x08003344                EMU_DCDCModeSet
 .text.EMU_EnterEM4
                0x080033ac       0x46 ./gecko_sdk_4.0.2/platform/emlib/src/em_emu.o
                0x080033ac                EMU_EnterEM4
 *fill*         0x080033f2        0x2 
 .text.EMU_DCDCInit
                0x080033f4       0x70 ./gecko_sdk_4.0.2/platform/emlib/src/em_emu.o
                0x080033f4                EMU_DCDCInit
 .text.eusart_sync
                0x08003464        0x8 ./gecko_sdk_4.0.2/platform/emlib/src/em_eusart.o
 .text.EUSART_Disable
                0x0800346c       0x34 ./gecko_sdk_4.0.2/platform/emlib/src/em_eusart.o
 .text.EUSART_Reset
                0x080034a0       0x50 ./gecko_sdk_4.0.2/platform/emlib/src/em_eusart.o
                0x080034a0                EUSART_Reset
 .text.EUSART_Enable
                0x080034f0       0x74 ./gecko_sdk_4.0.2/platform/emlib/src/em_eusart.o
                0x080034f0                EUSART_Enable
 .text.EUSART_Tx
                0x08003564        0xa ./gecko_sdk_4.0.2/platform/emlib/src/em_eusart.o
                0x08003564                EUSART_Tx
 *fill*         0x0800356e        0x2 
 .text.EUSART_BaudrateSet
                0x08003570      0x1e4 ./gecko_sdk_4.0.2/platform/emlib/src/em_eusart.o
                0x08003570                EUSART_BaudrateSet
 .text.EUSART_AsyncInitCommon.constprop.0
                0x08003754      0x1bc ./gecko_sdk_4.0.2/platform/emlib/src/em_eusart.o
 .text.EUSART_UartInitLf
                0x08003910       0xac ./gecko_sdk_4.0.2/platform/emlib/src/em_eusart.o
                0x08003910                EUSART_UartInitLf
 .text.EUSART_UartInitHf
                0x080039bc       0x64 ./gecko_sdk_4.0.2/platform/emlib/src/em_eusart.o
                0x080039bc                EUSART_UartInitHf
 .text.BUS_RegBitWrite
                0x08003a20       0x30 ./gecko_sdk_4.0.2/platform/emlib/src/em_gpio.o
 .text.GPIO_PinOutSet
                0x08003a50       0x50 ./gecko_sdk_4.0.2/platform/emlib/src/em_gpio.o
 .text.GPIO_PinOutClear
                0x08003aa0       0x50 ./gecko_sdk_4.0.2/platform/emlib/src/em_gpio.o
 .text.BUS_RegMaskedWrite
                0x08003af0       0x22 ./gecko_sdk_4.0.2/platform/emlib/src/em_gpio.o
 *fill*         0x08003b12        0x2 
 .text.GPIO_ExtIntConfig
                0x08003b14       0xf8 ./gecko_sdk_4.0.2/platform/emlib/src/em_gpio.o
                0x08003b14                GPIO_ExtIntConfig
 .text.GPIO_PinModeSet
                0x08003c0c       0xa0 ./gecko_sdk_4.0.2/platform/emlib/src/em_gpio.o
                0x08003c0c                GPIO_PinModeSet
 .text.LDMA_EnableChannelRequest
                0x08003cac       0x44 ./gecko_sdk_4.0.2/platform/emlib/src/em_ldma.o
                0x08003cac                LDMA_EnableChannelRequest
 .text.LDMA_Init
                0x08003cf0       0x94 ./gecko_sdk_4.0.2/platform/emlib/src/em_ldma.o
                0x08003cf0                LDMA_Init
 .text.USART_Tx
                0x08003d84        0xa ./gecko_sdk_4.0.2/platform/emlib/src/em_usart.o
                0x08003d84                USART_Tx
 *fill*         0x08003d8e        0x2 
 .text.Mem_SegAllocInternal.constprop.0
                0x08003d90       0xec ./gecko_sdk_4.0.2/platform/micrium_os/common/source/lib/lib_mem.o
 .text.Mem_SegAlloc
                0x08003e7c       0x34 ./gecko_sdk_4.0.2/platform/micrium_os/common/source/lib/lib_mem.o
                0x08003e7c                Mem_SegAlloc
 .text.CPU_Init
                0x08003eb0        0x2 ./gecko_sdk_4.0.2/platform/micrium_os/cpu/source/cpu_core.o
                0x08003eb0                CPU_Init
 .text.CPU_SW_Exception
                0x08003eb2        0x2 ./gecko_sdk_4.0.2/platform/micrium_os/cpu/source/cpu_core.o
                0x08003eb2                CPU_SW_Exception
 .text.osKernelInitialize
                0x08003eb4       0x38 ./gecko_sdk_4.0.2/platform/micrium_os/kernel/source/cmsis_os2.o
                0x08003eb4                osKernelInitialize
 .text.osKernelStart
                0x08003eec       0x2c ./gecko_sdk_4.0.2/platform/micrium_os/kernel/source/cmsis_os2.o
                0x08003eec                osKernelStart
 .text.OSCfg_Init
                0x08003f18        0x2 ./gecko_sdk_4.0.2/platform/micrium_os/kernel/source/os_cfg_app.o
                0x08003f18                OSCfg_Init
 *fill*         0x08003f1a        0x2 
 .text.OSSched  0x08003f1c       0x7c ./gecko_sdk_4.0.2/platform/micrium_os/kernel/source/os_core.o
                0x08003f1c                OSSched
 .text.OSSchedLock
                0x08003f98       0x78 ./gecko_sdk_4.0.2/platform/micrium_os/kernel/source/os_core.o
                0x08003f98                OSSchedLock
 .text.OSSchedUnlock
                0x08004010       0x98 ./gecko_sdk_4.0.2/platform/micrium_os/kernel/source/os_core.o
                0x08004010                OSSchedUnlock
 .text.OSStart  0x080040a8       0xc0 ./gecko_sdk_4.0.2/platform/micrium_os/kernel/source/os_core.o
                0x080040a8                OSStart
 .text.OS_PendListInit
                0x08004168        0x8 ./gecko_sdk_4.0.2/platform/micrium_os/kernel/source/os_core.o
                0x08004168                OS_PendListInit
 .text.OS_PendListInsertPrio
                0x08004170       0x46 ./gecko_sdk_4.0.2/platform/micrium_os/kernel/source/os_core.o
                0x08004170                OS_PendListInsertPrio
 .text.OS_PendListRemove
                0x080041b6       0x30 ./gecko_sdk_4.0.2/platform/micrium_os/kernel/source/os_core.o
                0x080041b6                OS_PendListRemove
 .text.OS_PendListChangePrio
                0x080041e6       0x1e ./gecko_sdk_4.0.2/platform/micrium_os/kernel/source/os_core.o
                0x080041e6                OS_PendListChangePrio
 .text.OS_RdyListInit
                0x08004204       0x1c ./gecko_sdk_4.0.2/platform/micrium_os/kernel/source/os_core.o
                0x08004204                OS_RdyListInit
 .text.OSInit   0x08004220      0x16c ./gecko_sdk_4.0.2/platform/micrium_os/kernel/source/os_core.o
                0x08004220                OSInit
 .text.OS_RdyListInsertHead
                0x0800438c       0x30 ./gecko_sdk_4.0.2/platform/micrium_os/kernel/source/os_core.o
                0x0800438c                OS_RdyListInsertHead
 .text.OS_RdyListInsertTail
                0x080043bc       0x30 ./gecko_sdk_4.0.2/platform/micrium_os/kernel/source/os_core.o
                0x080043bc                OS_RdyListInsertTail
 .text.OS_RdyListInsert
                0x080043ec       0x30 ./gecko_sdk_4.0.2/platform/micrium_os/kernel/source/os_core.o
                0x080043ec                OS_RdyListInsert
 .text.OS_Post  0x0800441c       0x7e ./gecko_sdk_4.0.2/platform/micrium_os/kernel/source/os_core.o
                0x0800441c                OS_Post
 .text.OS_TimerCallback
                0x0800449a       0xae ./gecko_sdk_4.0.2/platform/micrium_os/kernel/source/os_core.o
                0x0800449a                OS_TimerCallback
 .text.OS_RdyListRemove
                0x08004548       0x48 ./gecko_sdk_4.0.2/platform/micrium_os/kernel/source/os_core.o
                0x08004548                OS_RdyListRemove
 .text.OS_TaskBlock
                0x08004590       0x5c ./gecko_sdk_4.0.2/platform/micrium_os/kernel/source/os_core.o
                0x08004590                OS_TaskBlock
 .text.OS_Pend  0x080045ec       0x34 ./gecko_sdk_4.0.2/platform/micrium_os/kernel/source/os_core.o
                0x080045ec                OS_Pend
 .text.OSFlagCreate
                0x08004620       0x74 ./gecko_sdk_4.0.2/platform/micrium_os/kernel/source/os_flag.o
                0x08004620                OSFlagCreate
 .text.OS_FlagBlock
                0x08004694       0x20 ./gecko_sdk_4.0.2/platform/micrium_os/kernel/source/os_flag.o
                0x08004694                OS_FlagBlock
 .text.OSFlagPend
                0x080046b4      0x2ac ./gecko_sdk_4.0.2/platform/micrium_os/kernel/source/os_flag.o
                0x080046b4                OSFlagPend
 .text.OS_FlagTaskRdy
                0x08004960       0x4e ./gecko_sdk_4.0.2/platform/micrium_os/kernel/source/os_flag.o
                0x08004960                OS_FlagTaskRdy
 *fill*         0x080049ae        0x2 
 .text.OSFlagPost
                0x080049b0      0x158 ./gecko_sdk_4.0.2/platform/micrium_os/kernel/source/os_flag.o
                0x080049b0                OSFlagPost
 .text.OS_MutexGrpRemove
                0x08004b08       0x18 ./gecko_sdk_4.0.2/platform/micrium_os/kernel/source/os_mutex.o
                0x08004b08                OS_MutexGrpRemove
 .text.OS_MutexGrpPrioFindHighest
                0x08004b20       0x1a ./gecko_sdk_4.0.2/platform/micrium_os/kernel/source/os_mutex.o
                0x08004b20                OS_MutexGrpPrioFindHighest
 .text.OS_MutexGrpPostAll
                0x08004b3a       0x44 ./gecko_sdk_4.0.2/platform/micrium_os/kernel/source/os_mutex.o
                0x08004b3a                OS_MutexGrpPostAll
 *fill*         0x08004b7e        0x2 
 .text.OS_PrioInit
                0x08004b80       0x10 ./gecko_sdk_4.0.2/platform/micrium_os/kernel/source/os_prio.o
                0x08004b80                OS_PrioInit
 .text.OS_PrioGetHighest
                0x08004b90       0x20 ./gecko_sdk_4.0.2/platform/micrium_os/kernel/source/os_prio.o
                0x08004b90                OS_PrioGetHighest
 .text.OS_PrioInsert
                0x08004bb0       0x2c ./gecko_sdk_4.0.2/platform/micrium_os/kernel/source/os_prio.o
                0x08004bb0                OS_PrioInsert
 .text.OS_PrioRemove
                0x08004bdc       0x30 ./gecko_sdk_4.0.2/platform/micrium_os/kernel/source/os_prio.o
                0x08004bdc                OS_PrioRemove
 .text.OS_TaskInit
                0x08004c0c       0x24 ./gecko_sdk_4.0.2/platform/micrium_os/kernel/source/os_task.o
                0x08004c0c                OS_TaskInit
 .text.OS_TaskInitTCB
                0x08004c30       0x18 ./gecko_sdk_4.0.2/platform/micrium_os/kernel/source/os_task.o
                0x08004c30                OS_TaskInitTCB
 .text.OSTaskCreate
                0x08004c48      0x19c ./gecko_sdk_4.0.2/platform/micrium_os/kernel/source/os_task.o
                0x08004c48                OSTaskCreate
 .text.OS_TaskChangePrio
                0x08004de4       0xdc ./gecko_sdk_4.0.2/platform/micrium_os/kernel/source/os_task.o
                0x08004de4                OS_TaskChangePrio
 .text.OSTaskDel
                0x08004ec0      0x180 ./gecko_sdk_4.0.2/platform/micrium_os/kernel/source/os_task.o
                0x08004ec0                OSTaskDel
 .text.OS_TaskReturn
                0x08005040       0x1c ./gecko_sdk_4.0.2/platform/micrium_os/kernel/source/os_task.o
                0x08005040                OS_TaskReturn
 .text.OSIdleContext
                0x0800505c        0xa ./gecko_sdk_4.0.2/platform/micrium_os/ports/source/gnu/armv7m_os_cpu_c.o
                0x0800505c                OSIdleContext
 *fill*         0x08005066        0x2 
 .text.OSInitHook
                0x08005068       0x3c ./gecko_sdk_4.0.2/platform/micrium_os/ports/source/gnu/armv7m_os_cpu_c.o
                0x08005068                OSInitHook
 .text.OSTaskCreateHook
                0x080050a4        0x2 ./gecko_sdk_4.0.2/platform/micrium_os/ports/source/gnu/armv7m_os_cpu_c.o
                0x080050a4                OSTaskCreateHook
 .text.OSTaskDelHook
                0x080050a6        0x2 ./gecko_sdk_4.0.2/platform/micrium_os/ports/source/gnu/armv7m_os_cpu_c.o
                0x080050a6                OSTaskDelHook
 .text.OSTaskReturnHook
                0x080050a8        0x2 ./gecko_sdk_4.0.2/platform/micrium_os/ports/source/gnu/armv7m_os_cpu_c.o
                0x080050a8                OSTaskReturnHook
 *fill*         0x080050aa        0x2 
 .text.OSTaskStkInit
                0x080050ac       0x74 ./gecko_sdk_4.0.2/platform/micrium_os/ports/source/gnu/armv7m_os_cpu_c.o
                0x080050ac                OSTaskStkInit
 .text.OSTaskSwHook
                0x08005120        0x2 ./gecko_sdk_4.0.2/platform/micrium_os/ports/source/gnu/armv7m_os_cpu_c.o
                0x08005120                OSTaskSwHook
 *fill*         0x08005122        0x2 
 .text          0x08005124       0x18 ./gecko_sdk_4.0.2/platform/micrium_os/ports/source/gnu/armv8m_cpu_a.o
                0x08005124                CPU_CntLeadZeros
                0x0800512a                CPU_CntTrailZeros
                0x08005134                CPU_RevBits
 .text          0x0800513c      0x180 ./gecko_sdk_4.0.2/platform/micrium_os/ports/source/gnu/armv8m_os_cpu_a.o
                0x0800513c                OSStartHighRdy
                0x080051ca                OSCtxSw
                0x080051d4                OSIntCtxSw
                0x080051de                PendSV_Handler
 .text.sl_sysrtc_wait_ready
                0x080052bc       0x1c ./gecko_sdk_4.0.2/platform/peripheral/src/peripheral_sysrtc.o
 .text.sl_sysrtc_enable
                0x080052d8       0x18 ./gecko_sdk_4.0.2/platform/peripheral/src/peripheral_sysrtc.o
                0x080052d8                sl_sysrtc_enable
 .text.sl_sysrtc_disable
                0x080052f0       0x28 ./gecko_sdk_4.0.2/platform/peripheral/src/peripheral_sysrtc.o
                0x080052f0                sl_sysrtc_disable
 .text.sl_sysrtc_init
                0x08005318       0x20 ./gecko_sdk_4.0.2/platform/peripheral/src/peripheral_sysrtc.o
                0x08005318                sl_sysrtc_init
 .text.sl_sysrtc_init_group
                0x08005338       0x50 ./gecko_sdk_4.0.2/platform/peripheral/src/peripheral_sysrtc.o
                0x08005338                sl_sysrtc_init_group
 .text.sl_sysrtc_enable_group_interrupts
                0x08005388       0x1c ./gecko_sdk_4.0.2/platform/peripheral/src/peripheral_sysrtc.o
                0x08005388                sl_sysrtc_enable_group_interrupts
 .text.sl_sysrtc_disable_group_interrupts
                0x080053a4       0x1c ./gecko_sdk_4.0.2/platform/peripheral/src/peripheral_sysrtc.o
                0x080053a4                sl_sysrtc_disable_group_interrupts
 .text.sl_sysrtc_clear_group_interrupts
                0x080053c0       0x1c ./gecko_sdk_4.0.2/platform/peripheral/src/peripheral_sysrtc.o
                0x080053c0                sl_sysrtc_clear_group_interrupts
 .text.sl_sysrtc_get_group_interrupts
                0x080053dc       0x20 ./gecko_sdk_4.0.2/platform/peripheral/src/peripheral_sysrtc.o
                0x080053dc                sl_sysrtc_get_group_interrupts
 .text.sl_sysrtc_get_group_compare_channel_value
                0x080053fc       0x30 ./gecko_sdk_4.0.2/platform/peripheral/src/peripheral_sysrtc.o
                0x080053fc                sl_sysrtc_get_group_compare_channel_value
 .text.sl_sysrtc_set_group_compare_channel_value
                0x0800542c       0x2c ./gecko_sdk_4.0.2/platform/peripheral/src/peripheral_sysrtc.o
                0x0800542c                sl_sysrtc_set_group_compare_channel_value
 .text.sl_device_init_dcdc
                0x08005458       0x28 ./gecko_sdk_4.0.2/platform/service/device_init/src/sl_device_init_dcdc_s2.o
                0x08005458                sl_device_init_dcdc
 .text.sl_device_init_emu
                0x08005480       0x22 ./gecko_sdk_4.0.2/platform/service/device_init/src/sl_device_init_emu_s2.o
                0x08005480                sl_device_init_emu
 *fill*         0x080054a2        0x2 
 .text.sl_device_init_hfxo
                0x080054a4       0x78 ./gecko_sdk_4.0.2/platform/service/device_init/src/sl_device_init_hfxo_s2.o
                0x080054a4                sl_device_init_hfxo
 .text.sl_device_init_lfxo
                0x0800551c       0x34 ./gecko_sdk_4.0.2/platform/service/device_init/src/sl_device_init_lfxo_s2.o
                0x0800551c                sl_device_init_lfxo
 .text.sl_device_init_nvic
                0x08005550       0x3c ./gecko_sdk_4.0.2/platform/service/device_init/src/sl_device_init_nvic.o
                0x08005550                sl_device_init_nvic
 .text.sl_hfxo_manager_notify_consecutive_failed_startups
                0x0800558c        0xc ./gecko_sdk_4.0.2/platform/service/hfxo_manager/src/sl_hfxo_manager.o
                0x0800558c                sl_hfxo_manager_notify_consecutive_failed_startups
 .text.sli_hfxo_manager_begin_startup_measurement
                0x08005598       0x1c ./gecko_sdk_4.0.2/platform/service/hfxo_manager/src/sl_hfxo_manager.o
                0x08005598                sli_hfxo_manager_begin_startup_measurement
 .text.sli_hfxo_manager_end_startup_measurement
                0x080055b4       0x70 ./gecko_sdk_4.0.2/platform/service/hfxo_manager/src/sl_hfxo_manager.o
                0x080055b4                sli_hfxo_manager_end_startup_measurement
 .text.sli_hfxo_manager_is_hfxo_ready
                0x08005624       0x20 ./gecko_sdk_4.0.2/platform/service/hfxo_manager/src/sl_hfxo_manager_hal_s2.o
                0x08005624                sli_hfxo_manager_is_hfxo_ready
 .text.sl_hfxo_manager_irq_handler
                0x08005644      0x280 ./gecko_sdk_4.0.2/platform/service/hfxo_manager/src/sl_hfxo_manager_hal_s2.o
                0x08005644                sl_hfxo_manager_irq_handler
 .text.HFXO0_IRQHandler
                0x080058c4        0x4 ./gecko_sdk_4.0.2/platform/service/hfxo_manager/src/sl_hfxo_manager_hal_s2.o
                0x080058c4                HFXO0_IRQHandler
 .text.get_lowest_em
                0x080058c8       0x1c ./gecko_sdk_4.0.2/platform/service/power_manager/src/sl_power_manager.o
 .text.power_manager_notify_em_transition
                0x080058e4       0x74 ./gecko_sdk_4.0.2/platform/service/power_manager/src/sl_power_manager.o
 .text.sli_power_manager_update_em_requirement
                0x08005958       0xf4 ./gecko_sdk_4.0.2/platform/service/power_manager/src/sl_power_manager.o
                0x08005958                sli_power_manager_update_em_requirement
 .text.sli_hfxo_manager_notify_ready_for_power_manager
                0x08005a4c       0x3c ./gecko_sdk_4.0.2/platform/service/power_manager/src/sl_power_manager.o
                0x08005a4c                sli_hfxo_manager_notify_ready_for_power_manager
 .text.EMU_EM23PresleepHook
                0x08005a88       0x28 ./gecko_sdk_4.0.2/platform/service/power_manager/src/sl_power_manager_hal_s2.o
                0x08005a88                EMU_EM23PresleepHook
 .text.EMU_EM23PostsleepHook
                0x08005ab0       0x4c ./gecko_sdk_4.0.2/platform/service/power_manager/src/sl_power_manager_hal_s2.o
                0x08005ab0                EMU_EM23PostsleepHook
 .text.sli_power_manager_restore_high_freq_accuracy_clk
                0x08005afc       0x48 ./gecko_sdk_4.0.2/platform/service/power_manager/src/sl_power_manager_hal_s2.o
                0x08005afc                sli_power_manager_restore_high_freq_accuracy_clk
 .text.sli_power_manager_is_high_freq_accuracy_clk_ready
                0x08005b44       0x14 ./gecko_sdk_4.0.2/platform/service/power_manager/src/sl_power_manager_hal_s2.o
                0x08005b44                sli_power_manager_is_high_freq_accuracy_clk_ready
 .text.sli_power_manager_restore_states
                0x08005b58       0x3c ./gecko_sdk_4.0.2/platform/service/power_manager/src/sl_power_manager_hal_s2.o
                0x08005b58                sli_power_manager_restore_states
 .text.sli_power_manager_low_frequency_restore
                0x08005b94        0x2 ./gecko_sdk_4.0.2/platform/service/power_manager/src/sl_power_manager_hal_s2.o
                0x08005b94                sli_power_manager_low_frequency_restore
 *fill*         0x08005b96        0x2 
 .text.delta_list_insert_timer
                0x08005b98       0x44 ./gecko_sdk_4.0.2/platform/service/sleeptimer/src/sl_sleeptimer.o
 .text.update_delta_list
                0x08005bdc       0x38 ./gecko_sdk_4.0.2/platform/service/sleeptimer/src/sl_sleeptimer.o
 .text.set_comparator_for_next_timer
                0x08005c14       0x5c ./gecko_sdk_4.0.2/platform/service/sleeptimer/src/sl_sleeptimer.o
 .text.create_timer
                0x08005c70       0x68 ./gecko_sdk_4.0.2/platform/service/sleeptimer/src/sl_sleeptimer.o
 .text.delta_list_remove_timer
                0x08005cd8       0x38 ./gecko_sdk_4.0.2/platform/service/sleeptimer/src/sl_sleeptimer.o
 .text.sl_sleeptimer_init
                0x08005d10       0x74 ./gecko_sdk_4.0.2/platform/service/sleeptimer/src/sl_sleeptimer.o
                0x08005d10                sl_sleeptimer_init
 .text.sl_sleeptimer_stop_timer
                0x08005d84       0x50 ./gecko_sdk_4.0.2/platform/service/sleeptimer/src/sl_sleeptimer.o
                0x08005d84                sl_sleeptimer_stop_timer
 .text.sl_sleeptimer_is_timer_running
                0x08005dd4       0x38 ./gecko_sdk_4.0.2/platform/service/sleeptimer/src/sl_sleeptimer.o
                0x08005dd4                sl_sleeptimer_is_timer_running
 .text.sl_sleeptimer_start_timer
                0x08005e0c       0x46 ./gecko_sdk_4.0.2/platform/service/sleeptimer/src/sl_sleeptimer.o
                0x08005e0c                sl_sleeptimer_start_timer
 .text.sl_sleeptimer_start_periodic_timer
                0x08005e52       0x48 ./gecko_sdk_4.0.2/platform/service/sleeptimer/src/sl_sleeptimer.o
                0x08005e52                sl_sleeptimer_start_periodic_timer
 *fill*         0x08005e9a        0x2 
 .text.sli_sleeptimer_is_power_manager_timer_next_to_expire
                0x08005e9c        0xc ./gecko_sdk_4.0.2/platform/service/sleeptimer/src/sl_sleeptimer.o
                0x08005e9c                sli_sleeptimer_is_power_manager_timer_next_to_expire
 .text.sl_sleeptimer_get_tick_count
                0x08005ea8       0x18 ./gecko_sdk_4.0.2/platform/service/sleeptimer/src/sl_sleeptimer.o
                0x08005ea8                sl_sleeptimer_get_tick_count
 .text.sl_sleeptimer_get_timer_frequency
                0x08005ec0        0xc ./gecko_sdk_4.0.2/platform/service/sleeptimer/src/sl_sleeptimer.o
                0x08005ec0                sl_sleeptimer_get_timer_frequency
 .text.process_timer_irq
                0x08005ecc      0x134 ./gecko_sdk_4.0.2/platform/service/sleeptimer/src/sl_sleeptimer.o
                0x08005ecc                process_timer_irq
 .text.sl_sysrtc_wait_sync
                0x08006000       0x14 ./gecko_sdk_4.0.2/platform/service/sleeptimer/src/sl_sleeptimer_hal_sysrtc.o
 .text.sleeptimer_hal_init_timer
                0x08006014       0x64 ./gecko_sdk_4.0.2/platform/service/sleeptimer/src/sl_sleeptimer_hal_sysrtc.o
                0x08006014                sleeptimer_hal_init_timer
 .text.sleeptimer_hal_get_counter
                0x08006078       0x10 ./gecko_sdk_4.0.2/platform/service/sleeptimer/src/sl_sleeptimer_hal_sysrtc.o
                0x08006078                sleeptimer_hal_get_counter
 .text.sleeptimer_hal_get_compare
                0x08006088        0x8 ./gecko_sdk_4.0.2/platform/service/sleeptimer/src/sl_sleeptimer_hal_sysrtc.o
                0x08006088                sleeptimer_hal_get_compare
 .text.sleeptimer_hal_enable_int
                0x08006090       0x12 ./gecko_sdk_4.0.2/platform/service/sleeptimer/src/sl_sleeptimer_hal_sysrtc.o
                0x08006090                sleeptimer_hal_enable_int
 *fill*         0x080060a2        0x2 
 .text.sleeptimer_hal_set_compare
                0x080060a4       0x64 ./gecko_sdk_4.0.2/platform/service/sleeptimer/src/sl_sleeptimer_hal_sysrtc.o
                0x080060a4                sleeptimer_hal_set_compare
 .text.sleeptimer_hal_disable_int
                0x08006108       0x2c ./gecko_sdk_4.0.2/platform/service/sleeptimer/src/sl_sleeptimer_hal_sysrtc.o
                0x08006108                sleeptimer_hal_disable_int
 .text.sleeptimer_hal_set_int
                0x08006134       0x10 ./gecko_sdk_4.0.2/platform/service/sleeptimer/src/sl_sleeptimer_hal_sysrtc.o
                0x08006134                sleeptimer_hal_set_int
 .text.sli_sleeptimer_hal_is_int_status_set
                0x08006144       0x22 ./gecko_sdk_4.0.2/platform/service/sleeptimer/src/sl_sleeptimer_hal_sysrtc.o
                0x08006144                sli_sleeptimer_hal_is_int_status_set
 .text.SYSRTC_APP_IRQHandler
                0x08006166       0x34 ./gecko_sdk_4.0.2/platform/service/sleeptimer/src/sl_sleeptimer_hal_sysrtc.o
                0x08006166                SYSRTC_APP_IRQHandler
 .text.sleeptimer_hal_get_timer_frequency
                0x0800619a        0x6 ./gecko_sdk_4.0.2/platform/service/sleeptimer/src/sl_sleeptimer_hal_sysrtc.o
                0x0800619a                sleeptimer_hal_get_timer_frequency
 .text.sl_system_init
                0x080061a0       0x1a ./gecko_sdk_4.0.2/platform/service/system/src/sl_system_init.o
                0x080061a0                sl_system_init
 .text.sl_system_kernel_start
                0x080061ba        0x4 ./gecko_sdk_4.0.2/platform/service/system/src/sl_system_kernel.o
                0x080061ba                sl_system_kernel_start
 *fill*         0x080061be        0x2 
 .text          0x080061c0       0x30 c:/siliconlabs/simplicitystudio/v5_3/developer/toolchains/gnu_arm/10.2_2020q4/bin/../lib/gcc/arm-none-eabi/10.2.1/thumb/v8-m.main+fp/hard\libgcc.a(_aeabi_uldivmod.o)
                0x080061c0                __aeabi_uldivmod
 .text          0x080061f0      0x2ec c:/siliconlabs/simplicitystudio/v5_3/developer/toolchains/gnu_arm/10.2_2020q4/bin/../lib/gcc/arm-none-eabi/10.2.1/thumb/v8-m.main+fp/hard\libgcc.a(_udivmoddi4.o)
                0x080061f0                __udivmoddi4
 .text          0x080064dc        0x4 c:/siliconlabs/simplicitystudio/v5_3/developer/toolchains/gnu_arm/10.2_2020q4/bin/../lib/gcc/arm-none-eabi/10.2.1/thumb/v8-m.main+fp/hard\libgcc.a(_dvmd_tls.o)
                0x080064dc                __aeabi_idiv0
                0x080064dc                __aeabi_ldiv0
 .text.exit     0x080064e0       0x28 c:/siliconlabs/simplicitystudio/v5_3/developer/toolchains/gnu_arm/10.2_2020q4/bin/../lib/gcc/arm-none-eabi/10.2.1/../../../../arm-none-eabi/lib/thumb/v8-m.main+fp/hard\libc_nano.a(lib_a-exit.o)
                0x080064e0                exit
 .text.__libc_init_array
                0x08006508       0x48 c:/siliconlabs/simplicitystudio/v5_3/developer/toolchains/gnu_arm/10.2_2020q4/bin/../lib/gcc/arm-none-eabi/10.2.1/../../../../arm-none-eabi/lib/thumb/v8-m.main+fp/hard\libc_nano.a(lib_a-init.o)
                0x08006508                __libc_init_array
 .text.memset   0x08006550       0x10 c:/siliconlabs/simplicitystudio/v5_3/developer/toolchains/gnu_arm/10.2_2020q4/bin/../lib/gcc/arm-none-eabi/10.2.1/../../../../arm-none-eabi/lib/thumb/v8-m.main+fp/hard\libc_nano.a(lib_a-memset.o)
                0x08006550                memset
 .text._exit    0x08006560        0x4 c:/siliconlabs/simplicitystudio/v5_3/developer/toolchains/gnu_arm/10.2_2020q4/bin/../lib/gcc/arm-none-eabi/10.2.1/../../../../arm-none-eabi/lib/thumb/v8-m.main+fp/hard\libnosys.a(_exit.o)
                0x08006560                _exit
                0x08006564                linker_code_end = .
 *(.init)
 .init          0x08006564        0x4 c:/siliconlabs/simplicitystudio/v5_3/developer/toolchains/gnu_arm/10.2_2020q4/bin/../lib/gcc/arm-none-eabi/10.2.1/thumb/v8-m.main+fp/hard/crti.o
                0x08006564                _init
 .init          0x08006568        0x8 c:/siliconlabs/simplicitystudio/v5_3/developer/toolchains/gnu_arm/10.2_2020q4/bin/../lib/gcc/arm-none-eabi/10.2.1/thumb/v8-m.main+fp/hard/crtn.o
 *(.fini)
 .fini          0x08006570        0x4 c:/siliconlabs/simplicitystudio/v5_3/developer/toolchains/gnu_arm/10.2_2020q4/bin/../lib/gcc/arm-none-eabi/10.2.1/thumb/v8-m.main+fp/hard/crti.o
                0x08006570                _fini
 .fini          0x08006574        0x8 c:/siliconlabs/simplicitystudio/v5_3/developer/toolchains/gnu_arm/10.2_2020q4/bin/../lib/gcc/arm-none-eabi/10.2.1/thumb/v8-m.main+fp/hard/crtn.o
 *crtbegin.o(.ctors)
 *crtbegin?.o(.ctors)
 *(EXCLUDE_FILE(*crtend.o *crtend?.o) .ctors)
 *(SORT_BY_NAME(.ctors.*))
 *(.ctors)
 *crtbegin.o(.dtors)
 *crtbegin?.o(.dtors)
 *(EXCLUDE_FILE(*crtend.o *crtend?.o) .dtors)
 *(SORT_BY_NAME(.dtors.*))
 *(.dtors)
 *(.rodata*)
 .rodata.events_task.str1.1
                0x0800657c       0x1a ./app/app.o
 .rodata.app_init.str1.1
                0x08006596       0x19 ./app/app.o
 .rodata.BURTC_IRQHandler.str1.1
                0x080065af       0x18 ./app/hal_BURTCTimer.o
 *fill*         0x080065c7        0x1 
 .rodata        0x080065c8        0xc ./app/hal_BURTCTimer.o
 .rodata.__func__.0
                0x080065d4       0x14 ./app/hal_BURTCTimer.o
 .rodata.sl_led_led0
                0x080065e8       0x18 ./autogen/sl_simple_led_instances.o
                0x080065e8                sl_led_led0
 .rodata.GPIO_PinOutClear.str1.1
                0x08006600       0x66 ./gecko_sdk_4.0.2/platform/driver/leddrv/src/sl_simple_led.o
 .rodata        0x08006666        0x4 ./gecko_sdk_4.0.2/platform/emdrv/dmadrv/src/dmadrv.o
 .rodata.enterEMx.str1.1
                0x0800666a       0x34 ./gecko_sdk_4.0.2/platform/emdrv/sleep/src/sleep.o
 .rodata.GPIO_PinOutClear.str1.1
                0x0800669e       0x66 ./gecko_sdk_4.0.2/platform/emdrv/uartdrv/src/uartdrv.o
 .rodata.em1RequestRemove.str1.1
                0x0800669e       0x38 ./gecko_sdk_4.0.2/platform/emdrv/uartdrv/src/uartdrv.o
 *fill*         0x080066d6        0x2 
 .rodata        0x080066d8       0x3c ./gecko_sdk_4.0.2/platform/emdrv/uartdrv/src/uartdrv.o
 .rodata.BURTC_Init.str1.1
                0x08006714       0x31 ./gecko_sdk_4.0.2/platform/emlib/src/em_burtc.o
 .rodata.HFRCODPLLDevinfoGet.str1.1
                0x08006745       0x2f ./gecko_sdk_4.0.2/platform/emlib/src/em_cmu.o
 .rodata.CSWTCH.73
                0x08006774        0x6 ./gecko_sdk_4.0.2/platform/emlib/src/em_cmu.o
 .rodata.CSWTCH.74
                0x0800677a        0x3 ./gecko_sdk_4.0.2/platform/emlib/src/em_cmu.o
 .rodata.CORE_NvicMaskSetIRQ.str1.1
                0x0800677d       0x30 ./gecko_sdk_4.0.2/platform/emlib/src/em_core.o
 .rodata.EMU_VScaleEM01.str1.1
                0x080067ad       0x2f ./gecko_sdk_4.0.2/platform/emlib/src/em_emu.o
 .rodata.EUSART_Enable.str1.1
                0x080067dc       0x32 ./gecko_sdk_4.0.2/platform/emlib/src/em_eusart.o
 .rodata.BUS_RegBitWrite.str1.1
                0x0800680e       0x65 ./gecko_sdk_4.0.2/platform/emlib/src/em_gpio.o
 .rodata.GPIO_PinOutSet.str1.1
                0x08006873       0x66 ./gecko_sdk_4.0.2/platform/emlib/src/em_gpio.o
 .rodata.GPIO_ExtIntConfig.str1.1
                0x08006873       0x30 ./gecko_sdk_4.0.2/platform/emlib/src/em_gpio.o
 .rodata.LDMA_EnableChannelRequest.str1.1
                0x080068a3       0x30 ./gecko_sdk_4.0.2/platform/emlib/src/em_ldma.o
                                 0x95 (size before relaxing)
 .rodata.Mem_SegAllocInternal.constprop.0.str1.1
                0x080068d3       0x43 ./gecko_sdk_4.0.2/platform/micrium_os/common/source/lib/lib_mem.o
 .rodata.__func__.7
                0x08006916       0x18 ./gecko_sdk_4.0.2/platform/micrium_os/common/source/lib/lib_mem.o
 .rodata.__func__.8
                0x0800692e       0x15 ./gecko_sdk_4.0.2/platform/micrium_os/common/source/lib/lib_mem.o
 *fill*         0x08006943        0x1 
 .rodata.OSCfg_StkSizeMin
                0x08006944        0x4 ./gecko_sdk_4.0.2/platform/micrium_os/kernel/source/os_cfg_app.o
                0x08006944                OSCfg_StkSizeMin
 .rodata.OSSchedLock.str1.1
                0x08006948       0x3f ./gecko_sdk_4.0.2/platform/micrium_os/kernel/source/os_core.o
 .rodata.OSInit.str1.1
                0x08006987       0x13 ./gecko_sdk_4.0.2/platform/micrium_os/kernel/source/os_core.o
 .rodata.__func__.1
                0x0800699a        0x8 ./gecko_sdk_4.0.2/platform/micrium_os/kernel/source/os_core.o
 .rodata.__func__.2
                0x080069a2        0xe ./gecko_sdk_4.0.2/platform/micrium_os/kernel/source/os_core.o
 .rodata.__func__.3
                0x080069b0        0xc ./gecko_sdk_4.0.2/platform/micrium_os/kernel/source/os_core.o
 .rodata.__func__.4
                0x080069bc        0x7 ./gecko_sdk_4.0.2/platform/micrium_os/kernel/source/os_core.o
 .rodata.OSFlagCreate.str1.1
                0x080069c3       0x3f ./gecko_sdk_4.0.2/platform/micrium_os/kernel/source/os_flag.o
 .rodata.__func__.0
                0x08006a02        0xb ./gecko_sdk_4.0.2/platform/micrium_os/kernel/source/os_flag.o
 .rodata.__func__.3
                0x08006a0d        0xb ./gecko_sdk_4.0.2/platform/micrium_os/kernel/source/os_flag.o
 .rodata.__func__.5
                0x08006a18        0xd ./gecko_sdk_4.0.2/platform/micrium_os/kernel/source/os_flag.o
 .rodata.OSTaskRegGet.str1.1
                0x08006a25       0x3f ./gecko_sdk_4.0.2/platform/micrium_os/kernel/source/os_task.o
 .rodata.__func__.0
                0x08006a64        0xc ./gecko_sdk_4.0.2/platform/micrium_os/kernel/source/os_task.o
 .rodata.__func__.10
                0x08006a70        0xa ./gecko_sdk_4.0.2/platform/micrium_os/kernel/source/os_task.o
 .rodata.__func__.11
                0x08006a7a        0xd ./gecko_sdk_4.0.2/platform/micrium_os/kernel/source/os_task.o
 .rodata.sl_sysrtc_init_group.str1.1
                0x08006a87       0x3f ./gecko_sdk_4.0.2/platform/peripheral/src/peripheral_sysrtc.o
 .rodata        0x08006ac6        0x7 ./gecko_sdk_4.0.2/platform/service/device_init/src/sl_device_init_dcdc_s2.o
 .rodata        0x08006acd       0x14 ./gecko_sdk_4.0.2/platform/service/device_init/src/sl_device_init_hfxo_s2.o
 .rodata        0x08006ae1        0xb ./gecko_sdk_4.0.2/platform/service/device_init/src/sl_device_init_lfxo_s2.o
 .rodata.sl_hfxo_manager_notify_consecutive_failed_startups.str1.1
                0x08006aec       0x47 ./gecko_sdk_4.0.2/platform/service/hfxo_manager/src/sl_hfxo_manager.o
 .rodata.sli_hfxo_manager_update_sleepy_xtal_settings_hardware.str1.1
                0x08006b33       0x4e ./gecko_sdk_4.0.2/platform/service/hfxo_manager/src/sl_hfxo_manager_hal_s2.o
 .rodata.power_manager_notify_em_transition.str1.1
                0x08006b81       0x49 ./gecko_sdk_4.0.2/platform/service/power_manager/src/sl_power_manager.o
 .rodata.CSWTCH.58
                0x08006bca        0x4 ./gecko_sdk_4.0.2/platform/service/power_manager/src/sl_power_manager.o
 .rodata.process_timer_irq.str1.1
                0x08006bce       0x43 ./gecko_sdk_4.0.2/platform/service/sleeptimer/src/sl_sleeptimer.o
 *fill*         0x08006c11        0x3 
 .rodata._global_impure_ptr
                0x08006c14        0x4 c:/siliconlabs/simplicitystudio/v5_3/developer/toolchains/gnu_arm/10.2_2020q4/bin/../lib/gcc/arm-none-eabi/10.2.1/../../../../arm-none-eabi/lib/thumb/v8-m.main+fp/hard\libc_nano.a(lib_a-impure.o)
                0x08006c14                _global_impure_ptr
 *(.eh_frame*)
 .eh_frame      0x08006c18        0x0 c:/siliconlabs/simplicitystudio/v5_3/developer/toolchains/gnu_arm/10.2_2020q4/bin/../lib/gcc/arm-none-eabi/10.2.1/thumb/v8-m.main+fp/hard/crtbegin.o

.glue_7         0x08006c18        0x0
 .glue_7        0x08006c18        0x0 linker stubs

.glue_7t        0x08006c18        0x0
 .glue_7t       0x08006c18        0x0 linker stubs

.vfp11_veneer   0x08006c18        0x0
 .vfp11_veneer  0x08006c18        0x0 linker stubs

.v4_bx          0x08006c18        0x0
 .v4_bx         0x08006c18        0x0 linker stubs

.iplt           0x08006c18        0x0
 .iplt          0x08006c18        0x0 c:/siliconlabs/simplicitystudio/v5_3/developer/toolchains/gnu_arm/10.2_2020q4/bin/../lib/gcc/arm-none-eabi/10.2.1/thumb/v8-m.main+fp/hard/crtbegin.o

.ARM.extab
 *(.ARM.extab* .gnu.linkonce.armextab.*)
                0x08006c18                __exidx_start = .

.ARM.exidx      0x08006c18        0x8
 *(.ARM.exidx* .gnu.linkonce.armexidx.*)
 .ARM.exidx     0x08006c18        0x8 c:/siliconlabs/simplicitystudio/v5_3/developer/toolchains/gnu_arm/10.2_2020q4/bin/../lib/gcc/arm-none-eabi/10.2.1/../../../../arm-none-eabi/lib/thumb/v8-m.main+fp/hard/crt0.o
                                 0x10 (size before relaxing)
 .ARM.exidx     0x08006c20        0x0 c:/siliconlabs/simplicitystudio/v5_3/developer/toolchains/gnu_arm/10.2_2020q4/bin/../lib/gcc/arm-none-eabi/10.2.1/thumb/v8-m.main+fp/hard\libgcc.a(_udivmoddi4.o)
                                  0x8 (size before relaxing)
                0x08006c20                __exidx_end = .
                0x08006c20                __etext = .

.rel.dyn        0x08006c20        0x0
 .rel.iplt      0x08006c20        0x0 c:/siliconlabs/simplicitystudio/v5_3/developer/toolchains/gnu_arm/10.2_2020q4/bin/../lib/gcc/arm-none-eabi/10.2.1/thumb/v8-m.main+fp/hard/crtbegin.o
                0x20000000                . = ORIGIN (RAM)

.stack          0x20000000     0x1000
                0x20000000                __StackLimit = .
 *(.stack*)
 .stack         0x20000000        0x0 ./gecko_sdk_4.0.2/platform/Device/SiliconLabs/EFM32PG23/Source/GCC/startup_efm32pg23.o
 .stack         0x20000000     0x1000 ./gecko_sdk_4.0.2/platform/common/toolchain/src/sl_memory.o
                0x20001000                . = ALIGN (0x4)
                0x20001000                __StackTop = .
                0x20001000                PROVIDE (__stack = __StackTop)

.noinit
 *(.noinit*)

.data           0x20001000      0x208 load address 0x08006c20
                0x20001000                . = ALIGN (0x4)
                0x20001000                __data_start__ = .
 *(vtable)
 *(.data*)
 .data.ADS_operateState
                0x20001000        0x1 ./app/event_system.o
 .data.simple_led0_context
                0x20001001        0x3 ./autogen/sl_simple_led_instances.o
                0x20001001                simple_led0_context
 .data.sl_uartdrv_eusart_init_vcom
                0x20001004       0x2c ./autogen/sl_uartdrv_init.o
                0x20001004                sl_uartdrv_eusart_init_vcom
 .data.sl_uartdrv_eusart_vcom_handle
                0x20001030        0x4 ./autogen/sl_uartdrv_init.o
                0x20001030                sl_uartdrv_eusart_vcom_handle
 .data.sl_uartdrv_eusart_vcom_rx_buffer
                0x20001034       0x80 ./autogen/sl_uartdrv_init.o
 .data.sl_uartdrv_eusart_vcom_tx_buffer
                0x200010b4       0x80 ./autogen/sl_uartdrv_init.o
 .data.SystemCoreClock
                0x20001134        0x4 ./gecko_sdk_4.0.2/platform/Device/SiliconLabs/EFM32PG23/Source/system_efm32pg23.o
                0x20001134                SystemCoreClock
 .data.SystemHFRCODPLLClock
                0x20001138        0x4 ./gecko_sdk_4.0.2/platform/Device/SiliconLabs/EFM32PG23/Source/system_efm32pg23.o
 .data.SystemHFXOClock
                0x2000113c        0x4 ./gecko_sdk_4.0.2/platform/Device/SiliconLabs/EFM32PG23/Source/system_efm32pg23.o
 .data.SystemLFXOClock
                0x20001140        0x4 ./gecko_sdk_4.0.2/platform/Device/SiliconLabs/EFM32PG23/Source/system_efm32pg23.o
 .data.ctuneDelta
                0x20001144        0x1 ./gecko_sdk_4.0.2/platform/emlib/src/em_cmu.o
 *fill*         0x20001145        0x1 
 .data.lfxo_precision
                0x20001146        0x2 ./gecko_sdk_4.0.2/platform/emlib/src/em_cmu.o
 .data.Mem_SegHeap
                0x20001148       0x14 ./gecko_sdk_4.0.2/platform/micrium_os/common/source/lib/lib_mem.o
                0x20001148                Mem_SegHeap
 .data.OS_InitCfg
                0x2000115c       0x38 ./gecko_sdk_4.0.2/platform/micrium_os/kernel/source/os_core.o
 .data.sleepy_xtal_settings_corebias
                0x20001194        0x4 ./gecko_sdk_4.0.2/platform/service/hfxo_manager/src/sl_hfxo_manager_hal_s2.o
 .data.sleepy_xtal_settings_ctuneana
                0x20001198        0x4 ./gecko_sdk_4.0.2/platform/service/hfxo_manager/src/sl_hfxo_manager_hal_s2.o
 .data.cc_disabled
                0x2000119c        0x1 ./gecko_sdk_4.0.2/platform/service/sleeptimer/src/sl_sleeptimer_hal_sysrtc.o
 *fill*         0x2000119d        0x3 
 .data.impure_data
                0x200011a0       0x60 c:/siliconlabs/simplicitystudio/v5_3/developer/toolchains/gnu_arm/10.2_2020q4/bin/../lib/gcc/arm-none-eabi/10.2.1/../../../../arm-none-eabi/lib/thumb/v8-m.main+fp/hard\libc_nano.a(lib_a-impure.o)
                0x20001200                . = ALIGN (0x4)
                [!provide]                PROVIDE (__ram_func_section_start = .)
 *(.ram)
                [!provide]                PROVIDE (__ram_func_section_end = .)
                0x20001200                . = ALIGN (0x4)
                0x20001200                PROVIDE (__preinit_array_start = .)
 *(.preinit_array)
                0x20001200                PROVIDE (__preinit_array_end = .)
                0x20001200                . = ALIGN (0x4)
                0x20001200                PROVIDE (__init_array_start = .)
 *(SORT_BY_NAME(.init_array.*))
 *(.init_array)
 .init_array    0x20001200        0x4 c:/siliconlabs/simplicitystudio/v5_3/developer/toolchains/gnu_arm/10.2_2020q4/bin/../lib/gcc/arm-none-eabi/10.2.1/thumb/v8-m.main+fp/hard/crtbegin.o
                0x20001204                PROVIDE (__init_array_end = .)
                0x20001204                . = ALIGN (0x4)
                [!provide]                PROVIDE (__fini_array_start = .)
 *(SORT_BY_NAME(.fini_array.*))
 *(.fini_array)
 .fini_array    0x20001204        0x4 c:/siliconlabs/simplicitystudio/v5_3/developer/toolchains/gnu_arm/10.2_2020q4/bin/../lib/gcc/arm-none-eabi/10.2.1/thumb/v8-m.main+fp/hard/crtbegin.o
                [!provide]                PROVIDE (__fini_array_end = .)
                0x20001208                . = ALIGN (0x4)
                0x20001208                __data_end__ = .

.igot.plt       0x20001208        0x0 load address 0x08006e28
 .igot.plt      0x20001208        0x0 c:/siliconlabs/simplicitystudio/v5_3/developer/toolchains/gnu_arm/10.2_2020q4/bin/../lib/gcc/arm-none-eabi/10.2.1/thumb/v8-m.main+fp/hard/crtbegin.o

.bss            0x20001208     0x3550 load address 0x08006e28
                0x20001208                . = ALIGN (0x4)
                0x20001208                __bss_start__ = .
 *(.bss*)
 .bss           0x20001208       0x1c c:/siliconlabs/simplicitystudio/v5_3/developer/toolchains/gnu_arm/10.2_2020q4/bin/../lib/gcc/arm-none-eabi/10.2.1/thumb/v8-m.main+fp/hard/crtbegin.o
 .bss.current_co_value
                0x20001224        0x4 ./app/Acquisition_CO.o
                0x20001224                current_co_value
 .bss.current_Smoke_value
                0x20001228        0x4 ./app/Acquisition_Smoke.o
                0x20001228                current_Smoke_value
 .bss.current_Heat_value
                0x2000122c        0x4 ./app/Acquisition_heat.o
                0x2000122c                current_Heat_value
 .bss.Event_Flags_SubGroup
                0x20001230       0x20 ./app/app.o
                0x20001230                Event_Flags_SubGroup
 .bss.eventsTaskstack
                0x20001250      0x800 ./app/app.o
 .bss.eventsTasktcb
                0x20001a50       0x84 ./app/app.o
 .bss.flags_0   0x20001ad4        0x4 ./app/app.o
                0x20001ad4                flags_0
 .bss.flags_1   0x20001ad8        0x4 ./app/app.o
                0x20001ad8                flags_1
 .bss.heartbeat_timer
                0x20001adc       0x1c ./app/app.o
                0x20001adc                heartbeat_timer
 .bss.heartbeat_timer_timeout
                0x20001af8        0x4 ./app/app.o
                0x20001af8                heartbeat_timer_timeout
 .bss.status    0x20001afc        0x4 ./app/app.o
                0x20001afc                status
 .bss.HeatState
                0x20001b00        0x1 ./app/event_system.o
 .bss.SmokeState
                0x20001b01        0x1 ./app/event_system.o
 .bss.alarmSilenceLimitReached
                0x20001b02        0x1 ./app/event_system.o
 .bss.behavioural_operational_State
                0x20001b03        0x1 ./app/event_system.o
 .bss.behavioural_system_mode
                0x20001b04        0x1 ./app/event_system.o
 .bss.behavioural_system_mode_previous
                0x20001b05        0x1 ./app/event_system.o
 .bss.coState   0x20001b06        0x1 ./app/event_system.o
 .bss.switch_test
                0x20001b07        0x1 ./app/event_system.o
                0x20001b07                switch_test
 .bss.Event_Timer
                0x20001b08      0x198 ./app/hal_BURTCTimer.o
                0x20001b08                Event_Timer
 .bss.sl_uartdrv_eusart_vcom_handle_data
                0x20001ca0       0x3c ./autogen/sl_uartdrv_init.o
                0x20001ca0                sl_uartdrv_eusart_vcom_handle_data
 .bss.sli_uartdrv_default_handle
                0x20001cdc        0x4 ./autogen/sl_uartdrv_init.o
 .bss.chTable   0x20001ce0       0x80 ./gecko_sdk_4.0.2/platform/emdrv/dmadrv/src/dmadrv.o
 .bss.dmaXfer   0x20001d60      0x100 ./gecko_sdk_4.0.2/platform/emdrv/dmadrv/src/dmadrv.o
 .bss.initialized
                0x20001e60        0x1 ./gecko_sdk_4.0.2/platform/emdrv/dmadrv/src/dmadrv.o
 *fill*         0x20001e61        0x3 
 .bss.gpioCallbacks
                0x20001e64      0x200 ./gecko_sdk_4.0.2/platform/emdrv/gpiointerrupt/src/gpiointerrupt.o
 .bss.sleepBlockCnt
                0x20002064        0x2 ./gecko_sdk_4.0.2/platform/emdrv/sleep/src/sleep.o
 *fill*         0x20002066        0x2 
 .bss.sleepContext
                0x20002068        0xc ./gecko_sdk_4.0.2/platform/emdrv/sleep/src/sleep.o
 .bss.uartdrvHandle
                0x20002074       0x10 ./gecko_sdk_4.0.2/platform/emdrv/uartdrv/src/uartdrv.o
 .bss.uartdrvHandleIsInitialized
                0x20002084        0x1 ./gecko_sdk_4.0.2/platform/emdrv/uartdrv/src/uartdrv.o
 .bss.vScaleEM01Config
                0x20002085        0x1 ./gecko_sdk_4.0.2/platform/emlib/src/em_emu.o
 .bss.Mem_Heap  0x20002086     0x2400 ./gecko_sdk_4.0.2/platform/micrium_os/common/source/lib/lib_mem.o
                0x20002086                Mem_Heap
 *fill*         0x20004486        0x2 
 .bss.OSCfg_DataSizeRAM
                0x20004488        0x4 ./gecko_sdk_4.0.2/platform/micrium_os/kernel/source/os_cfg_app.o
                0x20004488                OSCfg_DataSizeRAM
 .bss.OSCfg_ISRStk
                0x2000448c        0x4 ./gecko_sdk_4.0.2/platform/micrium_os/kernel/source/os_cfg_app.o
                0x2000448c                OSCfg_ISRStk
 .bss.OSCfg_ISRStkBasePtr
                0x20004490        0x4 ./gecko_sdk_4.0.2/platform/micrium_os/kernel/source/os_cfg_app.o
                0x20004490                OSCfg_ISRStkBasePtr
 .bss.OSCfg_ISRStkSize
                0x20004494        0x4 ./gecko_sdk_4.0.2/platform/micrium_os/kernel/source/os_cfg_app.o
                0x20004494                OSCfg_ISRStkSize
 .bss.OSCfg_ISRStkSizeRAM
                0x20004498        0x4 ./gecko_sdk_4.0.2/platform/micrium_os/kernel/source/os_cfg_app.o
                0x20004498                OSCfg_ISRStkSizeRAM
 .bss.OSCfg_TickRate_Hz
                0x2000449c        0x4 ./gecko_sdk_4.0.2/platform/micrium_os/kernel/source/os_cfg_app.o
                0x2000449c                OSCfg_TickRate_Hz
 .bss.OSDelayMaxMilli
                0x200044a0        0x4 ./gecko_sdk_4.0.2/platform/micrium_os/kernel/source/os_core.o
                0x200044a0                OSDelayMaxMilli
 .bss.OSDelayMaxTick
                0x200044a4        0x4 ./gecko_sdk_4.0.2/platform/micrium_os/kernel/source/os_core.o
                0x200044a4                OSDelayMaxTick
 .bss.OS_SleeptimerFrequency_Hz
                0x200044a8        0x4 ./gecko_sdk_4.0.2/platform/micrium_os/kernel/source/os_core.o
                0x200044a8                OS_SleeptimerFrequency_Hz
 .bss.OSPrioTbl
                0x200044ac        0x8 ./gecko_sdk_4.0.2/platform/micrium_os/kernel/source/os_prio.o
                0x200044ac                OSPrioTbl
 .bss.OSInitialized
                0x200044b4        0x1 ./gecko_sdk_4.0.2/platform/micrium_os/kernel/source/os_var.o
                0x200044b4                OSInitialized
 .bss.OSPrioCur
                0x200044b5        0x1 ./gecko_sdk_4.0.2/platform/micrium_os/kernel/source/os_var.o
                0x200044b5                OSPrioCur
 .bss.OSPrioHighRdy
                0x200044b6        0x1 ./gecko_sdk_4.0.2/platform/micrium_os/kernel/source/os_var.o
                0x200044b6                OSPrioHighRdy
 *fill*         0x200044b7        0x1 
 .bss.OSRdyList
                0x200044b8      0x200 ./gecko_sdk_4.0.2/platform/micrium_os/kernel/source/os_var.o
                0x200044b8                OSRdyList
 .bss.OSRunning
                0x200046b8        0x1 ./gecko_sdk_4.0.2/platform/micrium_os/kernel/source/os_var.o
                0x200046b8                OSRunning
 .bss.OSSchedLockNestingCtr
                0x200046b9        0x1 ./gecko_sdk_4.0.2/platform/micrium_os/kernel/source/os_var.o
                0x200046b9                OSSchedLockNestingCtr
 *fill*         0x200046ba        0x2 
 .bss.OSTCBCurPtr
                0x200046bc        0x4 ./gecko_sdk_4.0.2/platform/micrium_os/kernel/source/os_var.o
                0x200046bc                OSTCBCurPtr
 .bss.OSTCBHighRdyPtr
                0x200046c0        0x4 ./gecko_sdk_4.0.2/platform/micrium_os/kernel/source/os_var.o
                0x200046c0                OSTCBHighRdyPtr
 .bss.OSTaskQty
                0x200046c4        0x2 ./gecko_sdk_4.0.2/platform/micrium_os/kernel/source/os_var.o
                0x200046c4                OSTaskQty
 .bss.OSTaskRegNextAvailID
                0x200046c6        0x1 ./gecko_sdk_4.0.2/platform/micrium_os/kernel/source/os_var.o
                0x200046c6                OSTaskRegNextAvailID
 *fill*         0x200046c7        0x1 
 .bss.OS_CPU_ExceptStkBase
                0x200046c8        0x4 ./gecko_sdk_4.0.2/platform/micrium_os/ports/source/gnu/armv7m_os_cpu_c.o
                0x200046c8                OS_CPU_ExceptStkBase
 .bss.hfxo_last_startup_time
                0x200046cc        0x4 ./gecko_sdk_4.0.2/platform/service/hfxo_manager/src/sl_hfxo_manager.o
 .bss.hfxo_measurement_on
                0x200046d0        0x1 ./gecko_sdk_4.0.2/platform/service/hfxo_manager/src/sl_hfxo_manager.o
 *fill*         0x200046d1        0x3 
 .bss.hfxo_startup_time_sum_average
                0x200046d4        0x4 ./gecko_sdk_4.0.2/platform/service/hfxo_manager/src/sl_hfxo_manager.o
 .bss.hfxo_startup_time_table
                0x200046d8       0x28 ./gecko_sdk_4.0.2/platform/service/hfxo_manager/src/sl_hfxo_manager.o
 .bss.hfxo_startup_time_table_index
                0x20004700        0x1 ./gecko_sdk_4.0.2/platform/service/hfxo_manager/src/sl_hfxo_manager.o
 *fill*         0x20004701        0x3 
 .bss.hfxo_startup_time_tc_inital
                0x20004704        0x4 ./gecko_sdk_4.0.2/platform/service/hfxo_manager/src/sl_hfxo_manager.o
 .bss.hfxo_startup_time_tick
                0x20004708        0x4 ./gecko_sdk_4.0.2/platform/service/hfxo_manager/src/sl_hfxo_manager.o
 .bss.corebiasana_saved
                0x2000470c        0x4 ./gecko_sdk_4.0.2/platform/service/hfxo_manager/src/sl_hfxo_manager_hal_s2.o
 .bss.corebiasstartup_saved
                0x20004710        0x4 ./gecko_sdk_4.0.2/platform/service/hfxo_manager/src/sl_hfxo_manager_hal_s2.o
 .bss.corebiasstartupi_saved
                0x20004714        0x4 ./gecko_sdk_4.0.2/platform/service/hfxo_manager/src/sl_hfxo_manager_hal_s2.o
 .bss.ctunexiana_saved
                0x20004718        0x4 ./gecko_sdk_4.0.2/platform/service/hfxo_manager/src/sl_hfxo_manager_hal_s2.o
 .bss.ctunexoana_saved
                0x2000471c        0x4 ./gecko_sdk_4.0.2/platform/service/hfxo_manager/src/sl_hfxo_manager_hal_s2.o
 .bss.error_flag
                0x20004720        0x1 ./gecko_sdk_4.0.2/platform/service/hfxo_manager/src/sl_hfxo_manager_hal_s2.o
 .bss.error_try_cnt
                0x20004721        0x1 ./gecko_sdk_4.0.2/platform/service/hfxo_manager/src/sl_hfxo_manager_hal_s2.o
 .bss.in_error_state
                0x20004722        0x1 ./gecko_sdk_4.0.2/platform/service/hfxo_manager/src/sl_hfxo_manager_hal_s2.o
 *fill*         0x20004723        0x1 
 .bss.pkdettusstartupi_saved
                0x20004724        0x4 ./gecko_sdk_4.0.2/platform/service/hfxo_manager/src/sl_hfxo_manager_hal_s2.o
 .bss.current_em
                0x20004728        0x1 ./gecko_sdk_4.0.2/platform/service/power_manager/src/sl_power_manager.o
 .bss.is_actively_waiting_for_clock_restore
                0x20004729        0x1 ./gecko_sdk_4.0.2/platform/service/power_manager/src/sl_power_manager.o
 .bss.is_hf_x_oscillator_not_preserved
                0x2000472a        0x1 ./gecko_sdk_4.0.2/platform/service/power_manager/src/sl_power_manager.o
 .bss.is_restored_from_hfxo_isr
                0x2000472b        0x1 ./gecko_sdk_4.0.2/platform/service/power_manager/src/sl_power_manager.o
 .bss.is_restored_from_hfxo_isr_internal
                0x2000472c        0x1 ./gecko_sdk_4.0.2/platform/service/power_manager/src/sl_power_manager.o
 .bss.is_sleeping_waiting_for_clock_restore
                0x2000472d        0x1 ./gecko_sdk_4.0.2/platform/service/power_manager/src/sl_power_manager.o
 .bss.is_states_saved
                0x2000472e        0x1 ./gecko_sdk_4.0.2/platform/service/power_manager/src/sl_power_manager.o
 *fill*         0x2000472f        0x1 
 .bss.power_manager_em_transition_event_list
                0x20004730        0x4 ./gecko_sdk_4.0.2/platform/service/power_manager/src/sl_power_manager.o
 .bss.requirement_em_table
                0x20004734        0x2 ./gecko_sdk_4.0.2/platform/service/power_manager/src/sl_power_manager.o
 *fill*         0x20004736        0x2 
 .bss.cmu_sys_clock_register
                0x20004738        0x4 ./gecko_sdk_4.0.2/platform/service/power_manager/src/sl_power_manager_hal_s2.o
                0x20004738                cmu_sys_clock_register
 .bss.is_entering_deepsleep
                0x2000473c        0x1 ./gecko_sdk_4.0.2/platform/service/power_manager/src/sl_power_manager_hal_s2.o
 .bss.is_hf_x_oscillator_already_started
                0x2000473d        0x1 ./gecko_sdk_4.0.2/platform/service/power_manager/src/sl_power_manager_hal_s2.o
 .bss.is_hf_x_oscillator_used
                0x2000473e        0x1 ./gecko_sdk_4.0.2/platform/service/power_manager/src/sl_power_manager_hal_s2.o
 .bss.is_sleeptimer_initialized
                0x2000473f        0x1 ./gecko_sdk_4.0.2/platform/service/sleeptimer/src/sl_sleeptimer.o
 .bss.last_delta_update_count
                0x20004740        0x4 ./gecko_sdk_4.0.2/platform/service/sleeptimer/src/sl_sleeptimer.o
 .bss.max_millisecond_conversion
                0x20004744        0x4 ./gecko_sdk_4.0.2/platform/service/sleeptimer/src/sl_sleeptimer.o
 .bss.next_timer_to_expire_is_power_manager
                0x20004748        0x1 ./gecko_sdk_4.0.2/platform/service/sleeptimer/src/sl_sleeptimer.o
 *fill*         0x20004749        0x1 
 .bss.overflow_counter
                0x2000474a        0x2 ./gecko_sdk_4.0.2/platform/service/sleeptimer/src/sl_sleeptimer.o
 .bss.sleep_on_isr_exit
                0x2000474c        0x1 ./gecko_sdk_4.0.2/platform/service/sleeptimer/src/sl_sleeptimer.o
 *fill*         0x2000474d        0x3 
 .bss.timer_frequency
                0x20004750        0x4 ./gecko_sdk_4.0.2/platform/service/sleeptimer/src/sl_sleeptimer.o
 .bss.timer_head
                0x20004754        0x4 ./gecko_sdk_4.0.2/platform/service/sleeptimer/src/sl_sleeptimer.o
 *(COMMON)
                0x20004758                . = ALIGN (0x4)
                0x20004758                __bss_end__ = .

.heap           0x20004758     0xb8a8
                0x20004758                __HeapBase = .
                0x20004758                __end__ = .
                0x20004758                end = __end__
                0x20004758                _end = __end__
 *(.heap*)
 .heap          0x20004758      0x800 ./gecko_sdk_4.0.2/platform/common/toolchain/src/sl_memory.o
                0x20010000                . = (ORIGIN (RAM) + LENGTH (RAM))
 *fill*         0x20004f58     0xb0a8 
                0x20010000                __HeapLimit = .
                0x0000b8a8                __heap_size = (__HeapLimit - __HeapBase)
                0x0807e000                __main_flash_end__ = 0x807e000

.internal_storage
                0x08006c20        0x0
 *(.internal_storage*)

.nvm            0x08006c20        0x0
 *(.simee*)
                0x0807e000                linker_nvm_end = __main_flash_end__
                0x0807e000                linker_nvm_begin = (linker_nvm_end - SIZEOF (.nvm))
                0x00000000                linker_nvm_size = SIZEOF (.nvm)
                0x0807e000                linker_storage_end = linker_nvm_begin
                0x0807e000                linker_storage_begin = (linker_storage_end - SIZEOF (.internal_storage))
                0x00000000                linker_storage_size = SIZEOF (.internal_storage)
                0x0807e000                __nvm3Base = linker_nvm_begin
OUTPUT(Techem_2.axf elf32-littlearm)
LOAD linker stubs

.ARM.attributes
                0x00000000       0x36
 .ARM.attributes
                0x00000000       0x22 c:/siliconlabs/simplicitystudio/v5_3/developer/toolchains/gnu_arm/10.2_2020q4/bin/../lib/gcc/arm-none-eabi/10.2.1/thumb/v8-m.main+fp/hard/crti.o
 .ARM.attributes
                0x00000022       0x38 c:/siliconlabs/simplicitystudio/v5_3/developer/toolchains/gnu_arm/10.2_2020q4/bin/../lib/gcc/arm-none-eabi/10.2.1/thumb/v8-m.main+fp/hard/crtbegin.o
 .ARM.attributes
                0x0000005a       0x20 c:/siliconlabs/simplicitystudio/v5_3/developer/toolchains/gnu_arm/10.2_2020q4/bin/../lib/gcc/arm-none-eabi/10.2.1/../../../../arm-none-eabi/lib/thumb/v8-m.main+fp/hard/crt0.o
 .ARM.attributes
                0x0000007a       0x3a ./app/Acquisition_CO.o
 .ARM.attributes
                0x000000b4       0x3a ./app/Acquisition_Smoke.o
 .ARM.attributes
                0x000000ee       0x3a ./app/Acquisition_heat.o
 .ARM.attributes
                0x00000128       0x3a ./app/app.o
 .ARM.attributes
                0x00000162       0x3a ./app/diagnostics.o
 .ARM.attributes